// Jest Snapshot v1, https://goo.gl/fbAQLP

exports[`renders ./components/radio/demo/basic.vue correctly 1`] = `<label class="ant-radio-wrapper"><span class="ant-radio"><input type="radio" class="ant-radio-input"><span class="ant-radio-inner"></span></span><span>Radio</span></label>`;

exports[`renders ./components/radio/demo/disabled.vue correctly 1`] = `
<div><label class="ant-radio-wrapper ant-radio-wrapper-disabled"><span class="ant-radio ant-radio-disabled"><input type="radio" disabled="" class="ant-radio-input"><span class="ant-radio-inner"></span></span><span>Disabled</span></label><br><label class="ant-radio-wrapper ant-radio-wrapper-disabled"><span class="ant-radio ant-radio-disabled"><input type="radio" disabled="" class="ant-radio-input"><span class="ant-radio-inner"></span></span><span>Disabled</span></label>
  <div><button class="ant-btn ant-btn-primary" type="button">
      <!----><span>Toggle disabled</span>
    </button></div>
</div>
`;

exports[`renders ./components/radio/demo/radioButton.vue correctly 1`] = `
<div>
  <div>
    <div class="ant-radio-group ant-radio-group-outline ant-radio-group-default"><label class="ant-radio-button-wrapper ant-radio-button-wrapper-checked"><span class="ant-radio-button ant-radio-button-checked"><input type="radio" class="ant-radio-button-input" value="a"><span class="ant-radio-button-inner"></span></span><span>Hangzhou</span></label><label class="ant-radio-button-wrapper"><span class="ant-radio-button"><input type="radio" class="ant-radio-button-input" value="b"><span class="ant-radio-button-inner"></span></span><span>Shanghai</span></label><label class="ant-radio-button-wrapper"><span class="ant-radio-button"><input type="radio" class="ant-radio-button-input" value="c"><span class="ant-radio-button-inner"></span></span><span>Beijing</span></label><label class="ant-radio-button-wrapper"><span class="ant-radio-button"><input type="radio" class="ant-radio-button-input" value="d"><span class="ant-radio-button-inner"></span></span><span>Chengdu</span></label></div>
  </div>
  <div style="margin-top: 16px;">
    <div class="ant-radio-group ant-radio-group-outline ant-radio-group-default"><label class="ant-radio-button-wrapper ant-radio-button-wrapper-checked"><span class="ant-radio-button ant-radio-button-checked"><input type="radio" class="ant-radio-button-input" value="a"><span class="ant-radio-button-inner"></span></span><span>Hangzhou</span></label><label class="ant-radio-button-wrapper ant-radio-button-wrapper-disabled"><span class="ant-radio-button ant-radio-button-disabled"><input type="radio" disabled="" class="ant-radio-button-input" value="b"><span class="ant-radio-button-inner"></span></span><span>Shanghai</span></label><label class="ant-radio-button-wrapper"><span class="ant-radio-button"><input type="radio" class="ant-radio-button-input" value="c"><span class="ant-radio-button-inner"></span></span><span>Beijing</span></label><label class="ant-radio-button-wrapper"><span class="ant-radio-button"><input type="radio" class="ant-radio-button-input" value="d"><span class="ant-radio-button-inner"></span></span><span>Chengdu</span></label></div>
  </div>
  <div style="margin-top: 16px;">
    <div class="ant-radio-group ant-radio-group-outline ant-radio-group-default"><label class="ant-radio-button-wrapper ant-radio-button-wrapper-checked ant-radio-button-wrapper-disabled"><span class="ant-radio-button ant-radio-button-checked ant-radio-button-disabled"><input type="radio" disabled="" class="ant-radio-button-input" value="a"><span class="ant-radio-button-inner"></span></span><span>Hangzhou</span></label><label class="ant-radio-button-wrapper ant-radio-button-wrapper-disabled"><span class="ant-radio-button ant-radio-button-disabled"><input type="radio" disabled="" class="ant-radio-button-input" value="b"><span class="ant-radio-button-inner"></span></span><span>Shanghai</span></label><label class="ant-radio-button-wrapper ant-radio-button-wrapper-disabled"><span class="ant-radio-button ant-radio-button-disabled"><input type="radio" disabled="" class="ant-radio-button-input" value="c"><span class="ant-radio-button-inner"></span></span><span>Beijing</span></label><label class="ant-radio-button-wrapper ant-radio-button-wrapper-disabled"><span class="ant-radio-button ant-radio-button-disabled"><input type="radio" disabled="" class="ant-radio-button-input" value="d"><span class="ant-radio-button-inner"></span></span><span>Chengdu</span></label></div>
  </div>
</div>
`;

exports[`renders ./components/radio/demo/radioButton-solid.vue correctly 1`] = `
<div>
  <div>
    <div class="ant-radio-group ant-radio-group-solid ant-radio-group-default"><label class="ant-radio-button-wrapper ant-radio-button-wrapper-checked"><span class="ant-radio-button ant-radio-button-checked"><input type="radio" class="ant-radio-button-input" value="a"><span class="ant-radio-button-inner"></span></span><span>Hangzhou</span></label><label class="ant-radio-button-wrapper"><span class="ant-radio-button"><input type="radio" class="ant-radio-button-input" value="b"><span class="ant-radio-button-inner"></span></span><span>Shanghai</span></label><label class="ant-radio-button-wrapper"><span class="ant-radio-button"><input type="radio" class="ant-radio-button-input" value="c"><span class="ant-radio-button-inner"></span></span><span>Beijing</span></label><label class="ant-radio-button-wrapper"><span class="ant-radio-button"><input type="radio" class="ant-radio-button-input" value="d"><span class="ant-radio-button-inner"></span></span><span>Chengdu</span></label></div>
  </div>
  <div style="margin-top: 16px;">
    <div class="ant-radio-group ant-radio-group-solid ant-radio-group-default"><label class="ant-radio-button-wrapper"><span class="ant-radio-button"><input type="radio" class="ant-radio-button-input" value="a"><span class="ant-radio-button-inner"></span></span><span>Hangzhou</span></label><label class="ant-radio-button-wrapper ant-radio-button-wrapper-disabled"><span class="ant-radio-button ant-radio-button-disabled"><input type="radio" disabled="" class="ant-radio-button-input" value="b"><span class="ant-radio-button-inner"></span></span><span>Shanghai</span></label><label class="ant-radio-button-wrapper ant-radio-button-wrapper-checked"><span class="ant-radio-button ant-radio-button-checked"><input type="radio" class="ant-radio-button-input" value="c"><span class="ant-radio-button-inner"></span></span><span>Beijing</span></label><label class="ant-radio-button-wrapper"><span class="ant-radio-button"><input type="radio" class="ant-radio-button-input" value="d"><span class="ant-radio-button-inner"></span></span><span>Chengdu</span></label></div>
  </div>
</div>
`;

exports[`renders ./components/radio/demo/radioGroup.vue correctly 1`] = `
<div>
  <div class="ant-radio-group ant-radio-group-outline ant-radio-group-default"><label class="ant-radio-wrapper ant-radio-wrapper-checked"><span class="ant-radio ant-radio-checked"><input type="radio" class="ant-radio-input" value="1"><span class="ant-radio-inner"></span></span><span>A</span></label><label class="ant-radio-wrapper"><span class="ant-radio"><input type="radio" class="ant-radio-input" value="2"><span class="ant-radio-inner"></span></span><span>B</span></label><label class="ant-radio-wrapper"><span class="ant-radio"><input type="radio" class="ant-radio-input" value="3"><span class="ant-radio-inner"></span></span><span>C</span></label><label class="ant-radio-wrapper"><span class="ant-radio"><input type="radio" class="ant-radio-input" value="4"><span class="ant-radio-inner"></span></span><span>D</span></label></div>
</div>
`;

exports[`renders ./components/radio/demo/radioGroup-more.vue correctly 1`] = `<div class="ant-radio-group ant-radio-group-outline ant-radio-group-default"><label class="ant-radio-wrapper ant-radio-wrapper-checked" style="display: flex; height: 30px; line-height: 30px;"><span class="ant-radio ant-radio-checked"><input type="radio" class="ant-radio-input" value="1"><span class="ant-radio-inner"></span></span><span>Option A</span></label><label class="ant-radio-wrapper" style="display: flex; height: 30px; line-height: 30px;"><span class="ant-radio"><input type="radio" class="ant-radio-input" value="2"><span class="ant-radio-inner"></span></span><span>Option B</span></label><label class="ant-radio-wrapper" style="display: flex; height: 30px; line-height: 30px;"><span class="ant-radio"><input type="radio" class="ant-radio-input" value="3"><span class="ant-radio-inner"></span></span><span>Option C</span></label><label class="ant-radio-wrapper" style="display: flex; height: 30px; line-height: 30px;"><span class="ant-radio"><input type="radio" class="ant-radio-input" value="4"><span class="ant-radio-inner"></span></span><span> More... <!--v-if--></span></label></div>`;

exports[`renders ./components/radio/demo/radioGroup-options.vue correctly 1`] = `
<div>
  <div class="ant-radio-group ant-radio-group-outline ant-radio-group-default"><label class="ant-radio-wrapper ant-radio-wrapper-checked"><span class="ant-radio ant-radio-checked"><input type="radio" class="ant-radio-input" value="Apple"><span class="ant-radio-inner"></span></span><span>Apple</span></label><label class="ant-radio-wrapper"><span class="ant-radio"><input type="radio" class="ant-radio-input" value="Pear"><span class="ant-radio-inner"></span></span><span>Pear</span></label><label class="ant-radio-wrapper"><span class="ant-radio"><input type="radio" class="ant-radio-input" value="Orange"><span class="ant-radio-inner"></span></span><span>Orange</span></label></div><br>
  <div class="ant-radio-group ant-radio-group-outline ant-radio-group-default"><label class="ant-radio-wrapper ant-radio-wrapper-checked"><span class="ant-radio ant-radio-checked"><input type="radio" class="ant-radio-input" value="Apple"><span class="ant-radio-inner"></span></span><span>Apple</span></label><label class="ant-radio-wrapper"><span class="ant-radio"><input type="radio" class="ant-radio-input" value="Pear"><span class="ant-radio-inner"></span></span><span>Pear</span></label><label class="ant-radio-wrapper ant-radio-wrapper-disabled"><span class="ant-radio ant-radio-disabled"><input type="radio" disabled="" class="ant-radio-input" value="Orange"><span class="ant-radio-inner"></span></span><span>Orange</span></label></div><br>
  <div class="ant-radio-group ant-radio-group-outline ant-radio-group-default"><label class="ant-radio-wrapper ant-radio-wrapper-checked ant-radio-wrapper-disabled"><span class="ant-radio ant-radio-checked ant-radio-disabled"><input type="radio" disabled="" class="ant-radio-input" value="Apple"><span class="ant-radio-inner"></span></span><span>Apple</span></label><label class="ant-radio-wrapper ant-radio-wrapper-disabled"><span class="ant-radio ant-radio-disabled"><input type="radio" disabled="" class="ant-radio-input" value="Pear"><span class="ant-radio-inner"></span></span><span>Pear</span></label><label class="ant-radio-wrapper ant-radio-wrapper-disabled"><span class="ant-radio ant-radio-disabled"><input type="radio" disabled="" class="ant-radio-input" value="Orange"><span class="ant-radio-inner"></span></span><span>Orange</span></label></div><br>
  <div class="ant-radio-group ant-radio-group-outline ant-radio-group-default"><label class="ant-radio-button-wrapper ant-radio-button-wrapper-checked"><span class="ant-radio-button ant-radio-button-checked"><input type="radio" class="ant-radio-button-input" value="Apple"><span class="ant-radio-button-inner"></span></span><span>Apple</span></label><label class="ant-radio-button-wrapper"><span class="ant-radio-button"><input type="radio" class="ant-radio-button-input" value="Pear"><span class="ant-radio-button-inner"></span></span><span>Pear</span></label><label class="ant-radio-button-wrapper"><span class="ant-radio-button"><input type="radio" class="ant-radio-button-input" value="Orange"><span class="ant-radio-button-inner"></span></span><span>Orange</span></label></div><br>
  <div class="ant-radio-group ant-radio-group-outline ant-radio-group-default"><label class="ant-radio-button-wrapper ant-radio-button-wrapper-checked"><span class="ant-radio-button ant-radio-button-checked"><input type="radio" class="ant-radio-button-input" value="Apple"><span class="ant-radio-button-inner"></span></span><span>Apple</span></label><label class="ant-radio-button-wrapper"><span class="ant-radio-button"><input type="radio" class="ant-radio-button-input" value="Pear"><span class="ant-radio-button-inner"></span></span><span>Pear</span></label><label class="ant-radio-button-wrapper ant-radio-button-wrapper-disabled"><span class="ant-radio-button ant-radio-button-disabled"><input type="radio" disabled="" class="ant-radio-button-input" value="Orange"><span class="ant-radio-button-inner"></span></span><span>Orange</span></label></div><br>
  <div class="ant-radio-group ant-radio-group-outline ant-radio-group-default"><label class="ant-radio-button-wrapper ant-radio-button-wrapper-checked ant-radio-button-wrapper-disabled"><span class="ant-radio-button ant-radio-button-checked ant-radio-button-disabled"><input type="radio" disabled="" class="ant-radio-button-input" value="Apple"><span class="ant-radio-button-inner"></span></span><span>Apple</span></label><label class="ant-radio-button-wrapper ant-radio-button-wrapper-disabled"><span class="ant-radio-button ant-radio-button-disabled"><input type="radio" disabled="" class="ant-radio-button-input" value="Pear"><span class="ant-radio-button-inner"></span></span><span>Pear</span></label><label class="ant-radio-button-wrapper ant-radio-button-wrapper-disabled"><span class="ant-radio-button ant-radio-button-disabled"><input type="radio" disabled="" class="ant-radio-button-input" value="Orange"><span class="ant-radio-button-inner"></span></span><span>Orange</span></label></div><br>
</div>
`;

exports[`renders ./components/radio/demo/radioGroup-with-name.vue correctly 1`] = `<div class="ant-radio-group ant-radio-group-outline ant-radio-group-default"><label class="ant-radio-wrapper ant-radio-wrapper-checked"><span class="ant-radio ant-radio-checked"><input name="radioGroup" type="radio" class="ant-radio-input" value="1"><span class="ant-radio-inner"></span></span><span>A</span></label><label class="ant-radio-wrapper"><span class="ant-radio"><input name="radioGroup" type="radio" class="ant-radio-input" value="2"><span class="ant-radio-inner"></span></span><span>B</span></label><label class="ant-radio-wrapper"><span class="ant-radio"><input name="radioGroup" type="radio" class="ant-radio-input" value="3"><span class="ant-radio-inner"></span></span><span>C</span></label><label class="ant-radio-wrapper"><span class="ant-radio"><input name="radioGroup" type="radio" class="ant-radio-input" value="4"><span class="ant-radio-inner"></span></span><span>D</span></label></div>`;

exports[`renders ./components/radio/demo/size.vue correctly 1`] = `
<div>
  <div>
    <div class="ant-radio-group ant-radio-group-outline ant-radio-group-large"><label class="ant-radio-button-wrapper ant-radio-button-wrapper-checked"><span class="ant-radio-button ant-radio-button-checked"><input type="radio" class="ant-radio-button-input" value="a"><span class="ant-radio-button-inner"></span></span><span>Hangzhou</span></label><label class="ant-radio-button-wrapper"><span class="ant-radio-button"><input type="radio" class="ant-radio-button-input" value="b"><span class="ant-radio-button-inner"></span></span><span>Shanghai</span></label><label class="ant-radio-button-wrapper"><span class="ant-radio-button"><input type="radio" class="ant-radio-button-input" value="c"><span class="ant-radio-button-inner"></span></span><span>Beijing</span></label><label class="ant-radio-button-wrapper"><span class="ant-radio-button"><input type="radio" class="ant-radio-button-input" value="d"><span class="ant-radio-button-inner"></span></span><span>Chengdu</span></label></div>
  </div>
  <div style="margin-top: 16px;">
    <div class="ant-radio-group ant-radio-group-outline ant-radio-group-default"><label class="ant-radio-button-wrapper ant-radio-button-wrapper-checked"><span class="ant-radio-button ant-radio-button-checked"><input type="radio" class="ant-radio-button-input" value="a"><span class="ant-radio-button-inner"></span></span><span>Hangzhou</span></label><label class="ant-radio-button-wrapper"><span class="ant-radio-button"><input type="radio" class="ant-radio-button-input" value="b"><span class="ant-radio-button-inner"></span></span><span>Shanghai</span></label><label class="ant-radio-button-wrapper"><span class="ant-radio-button"><input type="radio" class="ant-radio-button-input" value="c"><span class="ant-radio-button-inner"></span></span><span>Beijing</span></label><label class="ant-radio-button-wrapper"><span class="ant-radio-button"><input type="radio" class="ant-radio-button-input" value="d"><span class="ant-radio-button-inner"></span></span><span>Chengdu</span></label></div>
  </div>
  <div style="margin-top: 16px;">
    <div class="ant-radio-group ant-radio-group-outline ant-radio-group-small"><label class="ant-radio-button-wrapper ant-radio-button-wrapper-checked"><span class="ant-radio-button ant-radio-button-checked"><input type="radio" class="ant-radio-button-input" value="a"><span class="ant-radio-button-inner"></span></span><span>Hangzhou</span></label><label class="ant-radio-button-wrapper"><span class="ant-radio-button"><input type="radio" class="ant-radio-button-input" value="b"><span class="ant-radio-button-inner"></span></span><span>Shanghai</span></label><label class="ant-radio-button-wrapper"><span class="ant-radio-button"><input type="radio" class="ant-radio-button-input" value="c"><span class="ant-radio-button-inner"></span></span><span>Beijing</span></label><label class="ant-radio-button-wrapper"><span class="ant-radio-button"><input type="radio" class="ant-radio-button-input" value="d"><span class="ant-radio-button-inner"></span></span><span>Chengdu</span></label></div>
  </div>
</div>
`;
