// Jest Snapshot v1, https://goo.gl/fbAQLP

exports[`Radio all children should have a name property 1`] = `<div class="ant-radio-group ant-radio-group-outline ant-radio-group-default"><label class="ant-radio-wrapper"><span class="ant-radio"><input name="radiogroup" type="radio" class="ant-radio-input" value="A"><span class="ant-radio-inner"></span></span><span>A</span></label><label class="ant-radio-wrapper"><span class="ant-radio"><input name="radiogroup" type="radio" class="ant-radio-input" value="B"><span class="ant-radio-inner"></span></span><span>B</span></label><label class="ant-radio-wrapper"><span class="ant-radio"><input name="radiogroup" type="radio" class="ant-radio-input" value="C"><span class="ant-radio-inner"></span></span><span>C</span></label></div>`;

exports[`Radio fire change events when value changes 1`] = `<div class="ant-radio-group ant-radio-group-outline ant-radio-group-default"><label class="ant-radio-wrapper"><span class="ant-radio"><input type="radio" class="ant-radio-input" value="A"><span class="ant-radio-inner"></span></span><span>A</span></label><label class="ant-radio-wrapper"><span class="ant-radio"><input type="radio" class="ant-radio-input" value="B"><span class="ant-radio-inner"></span></span><span>B</span></label><label class="ant-radio-wrapper"><span class="ant-radio"><input type="radio" class="ant-radio-input" value="C"><span class="ant-radio-inner"></span></span><span>C</span></label></div>`;

exports[`Radio fire change events when value changes 2`] = `<div class="ant-radio-group ant-radio-group-outline ant-radio-group-default"><label class="ant-radio-wrapper ant-radio-wrapper-checked"><span class="ant-radio ant-radio-checked"><input type="radio" class="ant-radio-input" value="A"><span class="ant-radio-inner"></span></span><span>A</span></label><label class="ant-radio-wrapper"><span class="ant-radio"><input type="radio" class="ant-radio-input" value="B"><span class="ant-radio-inner"></span></span><span>B</span></label><label class="ant-radio-wrapper"><span class="ant-radio"><input type="radio" class="ant-radio-input" value="C"><span class="ant-radio-inner"></span></span><span>C</span></label></div>`;

exports[`Radio passes prefixCls down to radio 1`] = `<div class="my-radio-group my-radio-group-outline my-radio-group-default"><label class="my-radio-wrapper"><span class="my-radio"><input type="radio" class="my-radio-input" value="Apple"><span class="my-radio-inner"></span></span><span>Apple</span></label><label class="my-radio-wrapper"><span class="my-radio"><input type="radio" class="my-radio-input" value="Orange"><span class="my-radio-inner"></span></span><span>Orange</span></label></div>`;
