// Jest Snapshot v1, https://goo.gl/fbAQLP

exports[`renders ./components/cascader/demo/basic.vue correctly 1`] = `
<div class="ant-select ant-cascader ant-select-single ant-select-allow-clear ant-select-show-arrow">
  <!---->
  <!---->
  <div class="ant-select-selector"><span class="ant-select-selection-search"><input type="search" id="rc_select_TEST_OR_SSR" autocomplete="off" class="ant-select-selection-search-input" role="combobox" aria-haspopup="listbox" aria-owns="rc_select_TEST_OR_SSR_list" aria-autocomplete="list" aria-controls="rc_select_TEST_OR_SSR_list" readonly="" unselectable="on" style="opacity: 0;"></span>
    <!----><span class="ant-select-selection-placeholder">Please select</span>
  </div><span class="ant-select-arrow" style="user-select: none;" unselectable="on" aria-hidden="true"><span role="img" aria-label="down" class="anticon anticon-down ant-select-suffix"><svg focusable="false" class="" data-icon="down" width="1em" height="1em" fill="currentColor" aria-hidden="true" viewBox="64 64 896 896"><path d="M884 256h-75c-5.1 0-9.9 2.5-12.9 6.6L512 654.2 227.9 262.6c-3-4.1-7.8-6.6-12.9-6.6h-75c-6.5 0-10.3 7.4-6.5 12.7l352.6 486.1c12.8 17.6 39 17.6 51.7 0l352.6-486.1c3.9-5.3.1-12.7-6.4-12.7z"></path></svg></span></span>
  <!---->
</div>
`;

exports[`renders ./components/cascader/demo/change-on-select.vue correctly 1`] = `
<div class="ant-select ant-cascader ant-select-single ant-select-allow-clear ant-select-show-arrow">
  <!---->
  <!---->
  <div class="ant-select-selector"><span class="ant-select-selection-search"><input type="search" id="rc_select_TEST_OR_SSR" autocomplete="off" class="ant-select-selection-search-input" role="combobox" aria-haspopup="listbox" aria-owns="rc_select_TEST_OR_SSR_list" aria-autocomplete="list" aria-controls="rc_select_TEST_OR_SSR_list" readonly="" unselectable="on" style="opacity: 0;"></span>
    <!----><span class="ant-select-selection-placeholder">Please select</span>
  </div><span class="ant-select-arrow" style="user-select: none;" unselectable="on" aria-hidden="true"><span role="img" aria-label="down" class="anticon anticon-down ant-select-suffix"><svg focusable="false" class="" data-icon="down" width="1em" height="1em" fill="currentColor" aria-hidden="true" viewBox="64 64 896 896"><path d="M884 256h-75c-5.1 0-9.9 2.5-12.9 6.6L512 654.2 227.9 262.6c-3-4.1-7.8-6.6-12.9-6.6h-75c-6.5 0-10.3 7.4-6.5 12.7l352.6 486.1c12.8 17.6 39 17.6 51.7 0l352.6-486.1c3.9-5.3.1-12.7-6.4-12.7z"></path></svg></span></span>
  <!---->
</div>
`;

exports[`renders ./components/cascader/demo/custom-render.vue correctly 1`] = `
<div style="width: 100%;" class="ant-select ant-cascader ant-select-single ant-select-allow-clear ant-select-show-arrow">
  <!---->
  <!---->
  <div class="ant-select-selector"><span class="ant-select-selection-search"><input type="search" id="rc_select_TEST_OR_SSR" autocomplete="off" class="ant-select-selection-search-input" role="combobox" aria-haspopup="listbox" aria-owns="rc_select_TEST_OR_SSR_list" aria-autocomplete="list" aria-controls="rc_select_TEST_OR_SSR_list" readonly="" unselectable="on" style="opacity: 0;"></span><span class="ant-select-selection-item"><span><span>Zhejiang /</span></span><span><span>Hangzhou /</span></span><span><span>West Lake ( <a>752100</a> ) </span></span></span>
    <!---->
  </div><span class="ant-select-arrow" style="user-select: none;" unselectable="on" aria-hidden="true"><span role="img" aria-label="down" class="anticon anticon-down ant-select-suffix"><svg focusable="false" class="" data-icon="down" width="1em" height="1em" fill="currentColor" aria-hidden="true" viewBox="64 64 896 896"><path d="M884 256h-75c-5.1 0-9.9 2.5-12.9 6.6L512 654.2 227.9 262.6c-3-4.1-7.8-6.6-12.9-6.6h-75c-6.5 0-10.3 7.4-6.5 12.7l352.6 486.1c12.8 17.6 39 17.6 51.7 0l352.6-486.1c3.9-5.3.1-12.7-6.4-12.7z"></path></svg></span></span><span class="ant-select-clear" style="user-select: none;" unselectable="on" aria-hidden="true"><span role="img" aria-label="close-circle" class="anticon anticon-close-circle"><svg focusable="false" class="" data-icon="close-circle" width="1em" height="1em" fill="currentColor" aria-hidden="true" viewBox="64 64 896 896"><path d="M512 64C264.6 64 64 264.6 64 512s200.6 448 448 448 448-200.6 448-448S759.4 64 512 64zm165.4 618.2l-66-.3L512 563.4l-99.3 118.4-66.1.3c-4.4 0-8-3.5-8-8 0-1.9.7-3.7 1.9-5.2l130.1-155L340.5 359a8.32 8.32 0 01-1.9-5.2c0-4.4 3.6-8 8-8l66.1.3L512 464.6l99.3-118.4 66-.3c4.4 0 8 3.5 8 8 0 1.9-.7 3.7-1.9 5.2L553.5 514l130 155c1.2 1.5 1.9 3.3 1.9 5.2 0 4.4-3.6 8-8 8z"></path></svg></span></span>
</div>
`;

exports[`renders ./components/cascader/demo/custom-trigger.vue correctly 1`] = `<span>Unselect &nbsp; <!----><a href="#">Change city</a></span>`;

exports[`renders ./components/cascader/demo/disabled-option.vue correctly 1`] = `
<div class="ant-select ant-cascader ant-select-single ant-select-allow-clear ant-select-show-arrow">
  <!---->
  <!---->
  <div class="ant-select-selector"><span class="ant-select-selection-search"><input type="search" id="rc_select_TEST_OR_SSR" autocomplete="off" class="ant-select-selection-search-input" role="combobox" aria-haspopup="listbox" aria-owns="rc_select_TEST_OR_SSR_list" aria-autocomplete="list" aria-controls="rc_select_TEST_OR_SSR_list" readonly="" unselectable="on" style="opacity: 0;"></span>
    <!----><span class="ant-select-selection-placeholder">Please select</span>
  </div><span class="ant-select-arrow" style="user-select: none;" unselectable="on" aria-hidden="true"><span role="img" aria-label="down" class="anticon anticon-down ant-select-suffix"><svg focusable="false" class="" data-icon="down" width="1em" height="1em" fill="currentColor" aria-hidden="true" viewBox="64 64 896 896"><path d="M884 256h-75c-5.1 0-9.9 2.5-12.9 6.6L512 654.2 227.9 262.6c-3-4.1-7.8-6.6-12.9-6.6h-75c-6.5 0-10.3 7.4-6.5 12.7l352.6 486.1c12.8 17.6 39 17.6 51.7 0l352.6-486.1c3.9-5.3.1-12.7-6.4-12.7z"></path></svg></span></span>
  <!---->
</div>
`;

exports[`renders ./components/cascader/demo/fields-name.vue correctly 1`] = `
<div class="ant-select ant-cascader ant-select-single ant-select-allow-clear ant-select-show-arrow">
  <!---->
  <!---->
  <div class="ant-select-selector"><span class="ant-select-selection-search"><input type="search" id="rc_select_TEST_OR_SSR" autocomplete="off" class="ant-select-selection-search-input" role="combobox" aria-haspopup="listbox" aria-owns="rc_select_TEST_OR_SSR_list" aria-autocomplete="list" aria-controls="rc_select_TEST_OR_SSR_list" readonly="" unselectable="on" style="opacity: 0;"></span>
    <!----><span class="ant-select-selection-placeholder">Please select</span>
  </div><span class="ant-select-arrow" style="user-select: none;" unselectable="on" aria-hidden="true"><span role="img" aria-label="down" class="anticon anticon-down ant-select-suffix"><svg focusable="false" class="" data-icon="down" width="1em" height="1em" fill="currentColor" aria-hidden="true" viewBox="64 64 896 896"><path d="M884 256h-75c-5.1 0-9.9 2.5-12.9 6.6L512 654.2 227.9 262.6c-3-4.1-7.8-6.6-12.9-6.6h-75c-6.5 0-10.3 7.4-6.5 12.7l352.6 486.1c12.8 17.6 39 17.6 51.7 0l352.6-486.1c3.9-5.3.1-12.7-6.4-12.7z"></path></svg></span></span>
  <!---->
</div>
`;

exports[`renders ./components/cascader/demo/hover.vue correctly 1`] = `
<div class="ant-select ant-cascader ant-select-single ant-select-allow-clear ant-select-show-arrow">
  <!---->
  <!---->
  <div class="ant-select-selector"><span class="ant-select-selection-search"><input type="search" id="rc_select_TEST_OR_SSR" autocomplete="off" class="ant-select-selection-search-input" role="combobox" aria-haspopup="listbox" aria-owns="rc_select_TEST_OR_SSR_list" aria-autocomplete="list" aria-controls="rc_select_TEST_OR_SSR_list" readonly="" unselectable="on" style="opacity: 0;"></span>
    <!----><span class="ant-select-selection-placeholder">Please select</span>
  </div><span class="ant-select-arrow" style="user-select: none;" unselectable="on" aria-hidden="true"><span role="img" aria-label="down" class="anticon anticon-down ant-select-suffix"><svg focusable="false" class="" data-icon="down" width="1em" height="1em" fill="currentColor" aria-hidden="true" viewBox="64 64 896 896"><path d="M884 256h-75c-5.1 0-9.9 2.5-12.9 6.6L512 654.2 227.9 262.6c-3-4.1-7.8-6.6-12.9-6.6h-75c-6.5 0-10.3 7.4-6.5 12.7l352.6 486.1c12.8 17.6 39 17.6 51.7 0l352.6-486.1c3.9-5.3.1-12.7-6.4-12.7z"></path></svg></span></span>
  <!---->
</div>
`;

exports[`renders ./components/cascader/demo/lazy.vue correctly 1`] = `
<div class="ant-select ant-cascader ant-select-single ant-select-allow-clear ant-select-show-arrow">
  <!---->
  <!---->
  <div class="ant-select-selector"><span class="ant-select-selection-search"><input type="search" id="rc_select_TEST_OR_SSR" autocomplete="off" class="ant-select-selection-search-input" role="combobox" aria-haspopup="listbox" aria-owns="rc_select_TEST_OR_SSR_list" aria-autocomplete="list" aria-controls="rc_select_TEST_OR_SSR_list" readonly="" unselectable="on" style="opacity: 0;"></span>
    <!----><span class="ant-select-selection-placeholder">Please select</span>
  </div><span class="ant-select-arrow" style="user-select: none;" unselectable="on" aria-hidden="true"><span role="img" aria-label="down" class="anticon anticon-down ant-select-suffix"><svg focusable="false" class="" data-icon="down" width="1em" height="1em" fill="currentColor" aria-hidden="true" viewBox="64 64 896 896"><path d="M884 256h-75c-5.1 0-9.9 2.5-12.9 6.6L512 654.2 227.9 262.6c-3-4.1-7.8-6.6-12.9-6.6h-75c-6.5 0-10.3 7.4-6.5 12.7l352.6 486.1c12.8 17.6 39 17.6 51.7 0l352.6-486.1c3.9-5.3.1-12.7-6.4-12.7z"></path></svg></span></span>
  <!---->
</div>
`;

exports[`renders ./components/cascader/demo/multiple.vue correctly 1`] = `
<div class="ant-space ant-space-vertical" style="width: 100%;">
  <div class="ant-space-item" style="margin-bottom: 8px;">
    <h4>Cascader.SHOW_PARENT</h4>
  </div>
  <!---->
  <div class="ant-space-item" style="margin-bottom: 8px;">
    <div style="width: 100%;" class="ant-select ant-cascader ant-select-multiple ant-select-allow-clear">
      <!---->
      <!---->
      <div class="ant-select-selector">
        <div class="ant-select-selection-overflow">
          <!---->
          <div class="ant-select-selection-overflow-item ant-select-selection-overflow-item-suffix" style="opacity: 1;">
            <div class="ant-select-selection-search" style="width: 0px;"><input type="search" id="rc_select_TEST_OR_SSR" autocomplete="off" class="ant-select-selection-search-input" role="combobox" aria-haspopup="listbox" aria-owns="rc_select_TEST_OR_SSR_list" aria-autocomplete="list" aria-controls="rc_select_TEST_OR_SSR_list" readonly="" unselectable="on" style="opacity: 0;"><span class="ant-select-selection-search-mirror" aria-hidden="true">&nbsp;</span></div>
          </div>
          <!---->
        </div><span class="ant-select-selection-placeholder">Please select</span>
      </div>
      <!---->
      <!---->
    </div>
  </div>
  <!---->
  <div class="ant-space-item" style="margin-bottom: 8px;">
    <h4>Cascader.SHOW_CHILD</h4>
  </div>
  <!---->
  <div class="ant-space-item">
    <div style="width: 100%;" class="ant-select ant-cascader ant-select-multiple ant-select-allow-clear">
      <!---->
      <!---->
      <div class="ant-select-selector">
        <div class="ant-select-selection-overflow">
          <!---->
          <div class="ant-select-selection-overflow-item ant-select-selection-overflow-item-suffix" style="opacity: 1;">
            <div class="ant-select-selection-search" style="width: 0px;"><input type="search" id="rc_select_TEST_OR_SSR" autocomplete="off" class="ant-select-selection-search-input" role="combobox" aria-haspopup="listbox" aria-owns="rc_select_TEST_OR_SSR_list" aria-autocomplete="list" aria-controls="rc_select_TEST_OR_SSR_list" readonly="" unselectable="on" style="opacity: 0;"><span class="ant-select-selection-search-mirror" aria-hidden="true">&nbsp;</span></div>
          </div>
          <!---->
        </div><span class="ant-select-selection-placeholder">Please select</span>
      </div>
      <!---->
      <!---->
    </div>
  </div>
  <!---->
</div>
`;

exports[`renders ./components/cascader/demo/search.vue correctly 1`] = `
<div class="ant-select ant-cascader ant-select-single ant-select-allow-clear ant-select-show-arrow ant-select-show-search">
  <!---->
  <!---->
  <div class="ant-select-selector"><span class="ant-select-selection-search"><input type="search" id="rc_select_TEST_OR_SSR" autocomplete="off" class="ant-select-selection-search-input" role="combobox" aria-haspopup="listbox" aria-owns="rc_select_TEST_OR_SSR_list" aria-autocomplete="list" aria-controls="rc_select_TEST_OR_SSR_list"></span>
    <!----><span class="ant-select-selection-placeholder">Please select</span>
  </div><span class="ant-select-arrow" style="user-select: none;" unselectable="on" aria-hidden="true"><span role="img" aria-label="down" class="anticon anticon-down ant-select-suffix"><svg focusable="false" class="" data-icon="down" width="1em" height="1em" fill="currentColor" aria-hidden="true" viewBox="64 64 896 896"><path d="M884 256h-75c-5.1 0-9.9 2.5-12.9 6.6L512 654.2 227.9 262.6c-3-4.1-7.8-6.6-12.9-6.6h-75c-6.5 0-10.3 7.4-6.5 12.7l352.6 486.1c12.8 17.6 39 17.6 51.7 0l352.6-486.1c3.9-5.3.1-12.7-6.4-12.7z"></path></svg></span></span>
  <!---->
</div>
`;

exports[`renders ./components/cascader/demo/size.vue correctly 1`] = `
<div size="large" class="ant-select ant-cascader ant-select-lg ant-select-single ant-select-allow-clear ant-select-show-arrow">
  <!---->
  <!---->
  <div class="ant-select-selector"><span class="ant-select-selection-search"><input type="search" id="rc_select_TEST_OR_SSR" autocomplete="off" class="ant-select-selection-search-input" role="combobox" aria-haspopup="listbox" aria-owns="rc_select_TEST_OR_SSR_list" aria-autocomplete="list" aria-controls="rc_select_TEST_OR_SSR_list" readonly="" unselectable="on" style="opacity: 0;"></span>
    <!----><span class="ant-select-selection-placeholder">Please select</span>
  </div><span class="ant-select-arrow" style="user-select: none;" unselectable="on" aria-hidden="true"><span role="img" aria-label="down" class="anticon anticon-down ant-select-suffix"><svg focusable="false" class="" data-icon="down" width="1em" height="1em" fill="currentColor" aria-hidden="true" viewBox="64 64 896 896"><path d="M884 256h-75c-5.1 0-9.9 2.5-12.9 6.6L512 654.2 227.9 262.6c-3-4.1-7.8-6.6-12.9-6.6h-75c-6.5 0-10.3 7.4-6.5 12.7l352.6 486.1c12.8 17.6 39 17.6 51.7 0l352.6-486.1c3.9-5.3.1-12.7-6.4-12.7z"></path></svg></span></span>
  <!---->
</div>
<br>
<br>
<div class="ant-select ant-cascader ant-select-single ant-select-allow-clear ant-select-show-arrow">
  <!---->
  <!---->
  <div class="ant-select-selector"><span class="ant-select-selection-search"><input type="search" id="rc_select_TEST_OR_SSR" autocomplete="off" class="ant-select-selection-search-input" role="combobox" aria-haspopup="listbox" aria-owns="rc_select_TEST_OR_SSR_list" aria-autocomplete="list" aria-controls="rc_select_TEST_OR_SSR_list" readonly="" unselectable="on" style="opacity: 0;"></span>
    <!----><span class="ant-select-selection-placeholder">Please select</span>
  </div><span class="ant-select-arrow" style="user-select: none;" unselectable="on" aria-hidden="true"><span role="img" aria-label="down" class="anticon anticon-down ant-select-suffix"><svg focusable="false" class="" data-icon="down" width="1em" height="1em" fill="currentColor" aria-hidden="true" viewBox="64 64 896 896"><path d="M884 256h-75c-5.1 0-9.9 2.5-12.9 6.6L512 654.2 227.9 262.6c-3-4.1-7.8-6.6-12.9-6.6h-75c-6.5 0-10.3 7.4-6.5 12.7l352.6 486.1c12.8 17.6 39 17.6 51.7 0l352.6-486.1c3.9-5.3.1-12.7-6.4-12.7z"></path></svg></span></span>
  <!---->
</div>
<br>
<br>
<div size="small" class="ant-select ant-cascader ant-select-sm ant-select-single ant-select-allow-clear ant-select-show-arrow">
  <!---->
  <!---->
  <div class="ant-select-selector"><span class="ant-select-selection-search"><input type="search" id="rc_select_TEST_OR_SSR" autocomplete="off" class="ant-select-selection-search-input" role="combobox" aria-haspopup="listbox" aria-owns="rc_select_TEST_OR_SSR_list" aria-autocomplete="list" aria-controls="rc_select_TEST_OR_SSR_list" readonly="" unselectable="on" style="opacity: 0;"></span>
    <!----><span class="ant-select-selection-placeholder">Please select</span>
  </div><span class="ant-select-arrow" style="user-select: none;" unselectable="on" aria-hidden="true"><span role="img" aria-label="down" class="anticon anticon-down ant-select-suffix"><svg focusable="false" class="" data-icon="down" width="1em" height="1em" fill="currentColor" aria-hidden="true" viewBox="64 64 896 896"><path d="M884 256h-75c-5.1 0-9.9 2.5-12.9 6.6L512 654.2 227.9 262.6c-3-4.1-7.8-6.6-12.9-6.6h-75c-6.5 0-10.3 7.4-6.5 12.7l352.6 486.1c12.8 17.6 39 17.6 51.7 0l352.6-486.1c3.9-5.3.1-12.7-6.4-12.7z"></path></svg></span></span>
  <!---->
</div>
<br>
<br>
`;

exports[`renders ./components/cascader/demo/suffix.vue correctly 1`] = `
<div class="ant-space ant-space-horizontal ant-space-align-center">
  <div class="ant-space-item" style="margin-right: 8px;">
    <div style="margin-top: 1rem;" class="ant-select ant-cascader ant-select-single ant-select-allow-clear ant-select-show-arrow">
      <!---->
      <!---->
      <div class="ant-select-selector"><span class="ant-select-selection-search"><input type="search" id="rc_select_TEST_OR_SSR" autocomplete="off" class="ant-select-selection-search-input" role="combobox" aria-haspopup="listbox" aria-owns="rc_select_TEST_OR_SSR_list" aria-autocomplete="list" aria-controls="rc_select_TEST_OR_SSR_list" readonly="" unselectable="on" style="opacity: 0;"></span>
        <!----><span class="ant-select-selection-placeholder">Please select</span>
      </div><span class="ant-select-arrow" style="user-select: none;" unselectable="on" aria-hidden="true"><span role="img" aria-label="smile" class="anticon anticon-smile test"><svg focusable="false" class="" data-icon="smile" width="1em" height="1em" fill="currentColor" aria-hidden="true" viewBox="64 64 896 896"><path d="M288 421a48 48 0 1096 0 48 48 0 10-96 0zm352 0a48 48 0 1096 0 48 48 0 10-96 0zM512 64C264.6 64 64 264.6 64 512s200.6 448 448 448 448-200.6 448-448S759.4 64 512 64zm263 711c-34.2 34.2-74 61-118.3 79.8C611 874.2 562.3 884 512 884c-50.3 0-99-9.8-144.8-29.2A370.4 370.4 0 01248.9 775c-34.2-34.2-61-74-79.8-118.3C149.8 611 140 562.3 140 512s9.8-99 29.2-144.8A370.4 370.4 0 01249 248.9c34.2-34.2 74-61 118.3-79.8C413 149.8 461.7 140 512 140c50.3 0 99 9.8 144.8 29.2A370.4 370.4 0 01775.1 249c34.2 34.2 61 74 79.8 118.3C874.2 413 884 461.7 884 512s-9.8 99-29.2 144.8A368.89 368.89 0 01775 775zM664 533h-48.1c-4.2 0-7.8 3.2-8.1 7.4C604 589.9 562.5 629 512 629s-92.1-39.1-95.8-88.6c-.3-4.2-3.9-7.4-8.1-7.4H360a8 8 0 00-8 8.4c4.4 84.3 74.5 151.6 160 151.6s155.6-67.3 160-151.6a8 8 0 00-8-8.4z"></path></svg></span></span>
      <!---->
    </div>
  </div>
  <!---->
  <div class="ant-space-item">
    <div suffixicon="ab" style="margin-top: 1rem;" class="ant-select ant-cascader ant-select-single ant-select-allow-clear ant-select-show-arrow">
      <!---->
      <!---->
      <div class="ant-select-selector"><span class="ant-select-selection-search"><input type="search" id="rc_select_TEST_OR_SSR" autocomplete="off" class="ant-select-selection-search-input" role="combobox" aria-haspopup="listbox" aria-owns="rc_select_TEST_OR_SSR_list" aria-autocomplete="list" aria-controls="rc_select_TEST_OR_SSR_list" readonly="" unselectable="on" style="opacity: 0;"></span>
        <!----><span class="ant-select-selection-placeholder">Please select</span>
      </div><span class="ant-select-arrow" style="user-select: none;" unselectable="on" aria-hidden="true">ab</span>
      <!---->
    </div>
  </div>
  <!---->
</div>
`;

exports[`renders ./components/cascader/demo/tagRender.vue correctly 1`] = `
<div suffixicon="Shopping Around" class="ant-select ant-cascader ant-select-multiple ant-select-allow-clear">
  <!---->
  <!---->
  <div class="ant-select-selector">
    <div class="ant-select-selection-overflow">
      <!---->
      <div class="ant-select-selection-overflow-item ant-select-selection-overflow-item-suffix" style="opacity: 1;">
        <div class="ant-select-selection-search" style="width: 0px;"><input type="search" id="rc_select_TEST_OR_SSR" autocomplete="off" class="ant-select-selection-search-input" role="combobox" aria-haspopup="listbox" aria-owns="rc_select_TEST_OR_SSR_list" aria-autocomplete="list" aria-controls="rc_select_TEST_OR_SSR_list" readonly="" unselectable="on" style="opacity: 0;"><span class="ant-select-selection-search-mirror" aria-hidden="true">&nbsp;</span></div>
      </div>
      <!---->
    </div><span class="ant-select-selection-placeholder">Please select</span>
  </div>
  <!---->
  <!---->
</div>
`;
