// Jest Snapshot v1, https://goo.gl/fbAQLP

exports[`Tabs tabPosition remove card 1`] = `
<div class="ant-tabs ant-tabs-left ">
  <div role="tablist" class="ant-tabs-nav">
    <!---->
    <div class="ant-tabs-nav-wrap">
      <div class="ant-tabs-nav-list" style="transform: translate(0px, 0px);">
        <div class="ant-tabs-tab ant-tabs-tab-active">
          <div role="tab" aria-selected="true" class="ant-tabs-tab-btn" tabindex="0">foo</div>
          <!---->
        </div>
        <!---->
        <div class="ant-tabs-ink-bar"></div>
      </div>
    </div>
    <div class="ant-tabs-nav-operations ant-tabs-nav-operations-hidden">
      <!----><button type="button" class="ant-tabs-nav-more" style="visibility: hidden; order: 1;" tabindex="-1" aria-hidden="true" aria-haspopup="listbox" aria-controls="null-more-popup" id="null-more" aria-expanded="false"><span role="img" aria-label="ellipsis" class="anticon anticon-ellipsis"><svg focusable="false" class="" data-icon="ellipsis" width="1em" height="1em" fill="currentColor" aria-hidden="true" viewBox="64 64 896 896"><path d="M176 511a56 56 0 10112 0 56 56 0 10-112 0zm280 0a56 56 0 10112 0 56 56 0 10-112 0zm280 0a56 56 0 10112 0 56 56 0 10-112 0z"></path></svg></span></button>
      <!---->
    </div>
    <div class="ant-tabs-extra-content">xxx</div>
    <!---->
  </div>
  <div class="ant-tabs-content-holder">
    <div class="ant-tabs-content ant-tabs-content-left">
      <div role="tabpanel" tabindex="0" aria-hidden="false" class="ant-tabs-tabpane ant-tabs-tabpane-active">foo</div>
    </div>
  </div>
</div>
`;
