// Jest Snapshot v1, https://goo.gl/fbAQLP

exports[`Select Select Custom Icons should support customized icons 1`] = `
<div class="ant-select ant-select-single ant-select-show-arrow">
  <!---->
  <!---->
  <div class="ant-select-selector"><span class="ant-select-selection-search"><input type="search" id="rc_select_TEST_OR_SSR" autocomplete="off" class="ant-select-selection-search-input" role="combobox" aria-haspopup="listbox" aria-owns="rc_select_TEST_OR_SSR_list" aria-autocomplete="list" aria-controls="rc_select_TEST_OR_SSR_list" aria-activedescendant="rc_select_TEST_OR_SSR_list_0" readonly="" unselectable="on" style="opacity: 0;"></span>
    <!----><span class="ant-select-selection-placeholder"><!----></span>
  </div><span class="ant-select-arrow" style="user-select: none;" unselectable="on" aria-hidden="true"><span role="img" aria-label="down" class="anticon anticon-down ant-select-suffix"><svg focusable="false" class="" data-icon="down" width="1em" height="1em" fill="currentColor" aria-hidden="true" viewBox="64 64 896 896"><path d="M884 256h-75c-5.1 0-9.9 2.5-12.9 6.6L512 654.2 227.9 262.6c-3-4.1-7.8-6.6-12.9-6.6h-75c-6.5 0-10.3 7.4-6.5 12.7l352.6 486.1c12.8 17.6 39 17.6 51.7 0l352.6-486.1c3.9-5.3.1-12.7-6.4-12.7z"></path></svg></span>
  <!----></span>
  <!---->
</div>
`;
