// Jest Snapshot v1, https://goo.gl/fbAQLP

exports[`Descriptions Descriptions support colon 1`] = `
<div class="ant-descriptions">
  <!---->
  <div class="ant-descriptions-view">
    <table>
      <tbody>
        <tr class="ant-descriptions-row">
          <td class="ant-descriptions-item" colspan="1">
            <div class="ant-descriptions-item-container"><span class="ant-descriptions-item-label ant-descriptions-item-no-colon">Product</span><span class="ant-descriptions-item-content">Cloud Database</span></div>
          </td>
        </tr>
      </tbody>
    </table>
  </div>
</div>
`;

exports[`Descriptions Descriptions support style 1`] = `
<div style="background-color: rgb(232, 232, 232);" class="ant-descriptions">
  <!---->
  <div class="ant-descriptions-view">
    <table>
      <tbody>
        <tr class="ant-descriptions-row">
          <td class="ant-descriptions-item" colspan="1">
            <div class="ant-descriptions-item-container">
              <!----><span class="ant-descriptions-item-content">Cloud Database</span>
            </div>
          </td>
        </tr>
      </tbody>
    </table>
  </div>
</div>
`;

exports[`Descriptions Descriptions.Item support className 1`] = `
<div class="ant-descriptions">
  <!---->
  <div class="ant-descriptions-view">
    <table>
      <tbody>
        <tr class="ant-descriptions-row">
          <td class="ant-descriptions-item my-class" colspan="1">
            <div class="ant-descriptions-item-container"><span class="ant-descriptions-item-label">Product</span><span class="ant-descriptions-item-content">Cloud Database</span></div>
          </td>
        </tr>
      </tbody>
    </table>
  </div>
</div>
`;

exports[`Descriptions column is number 1`] = `
<div class="ant-descriptions">
  <!---->
  <div class="ant-descriptions-view">
    <table>
      <tbody>
        <tr class="ant-descriptions-row">
          <td class="ant-descriptions-item" colspan="1">
            <div class="ant-descriptions-item-container"><span class="ant-descriptions-item-label">Product</span><span class="ant-descriptions-item-content">Cloud Database</span></div>
          </td>
          <td class="ant-descriptions-item" colspan="1">
            <div class="ant-descriptions-item-container"><span class="ant-descriptions-item-label">Billing</span><span class="ant-descriptions-item-content">Prepaid</span></div>
          </td>
          <td class="ant-descriptions-item" colspan="1">
            <div class="ant-descriptions-item-container"><span class="ant-descriptions-item-label">time</span><span class="ant-descriptions-item-content">18:00:00</span></div>
          </td>
        </tr>
        <tr class="ant-descriptions-row">
          <td class="ant-descriptions-item" colspan="3">
            <div class="ant-descriptions-item-container"><span class="ant-descriptions-item-label">Amount</span><span class="ant-descriptions-item-content">$80.00</span></div>
          </td>
        </tr>
      </tbody>
    </table>
  </div>
</div>
`;

exports[`Descriptions vertical layout 1`] = `
<div class="ant-descriptions">
  <!---->
  <div class="ant-descriptions-view">
    <table>
      <tbody>
        <tr class="ant-descriptions-row">
          <th class="ant-descriptions-item" colspan="1">
            <div class="ant-descriptions-item-container"><span class="ant-descriptions-item-label">Product</span>
              <!---->
            </div>
          </th>
        </tr>
        <tr class="ant-descriptions-row">
          <td class="ant-descriptions-item" colspan="1">
            <div class="ant-descriptions-item-container">
              <!----><span class="ant-descriptions-item-content">Cloud Database</span>
            </div>
          </td>
        </tr>
        <tr class="ant-descriptions-row">
          <th class="ant-descriptions-item" colspan="1">
            <div class="ant-descriptions-item-container"><span class="ant-descriptions-item-label">Billing</span>
              <!---->
            </div>
          </th>
        </tr>
        <tr class="ant-descriptions-row">
          <td class="ant-descriptions-item" colspan="1">
            <div class="ant-descriptions-item-container">
              <!----><span class="ant-descriptions-item-content">Prepaid</span>
            </div>
          </td>
        </tr>
        <tr class="ant-descriptions-row">
          <th class="ant-descriptions-item" colspan="1">
            <div class="ant-descriptions-item-container"><span class="ant-descriptions-item-label">time</span>
              <!---->
            </div>
          </th>
        </tr>
        <tr class="ant-descriptions-row">
          <td class="ant-descriptions-item" colspan="1">
            <div class="ant-descriptions-item-container">
              <!----><span class="ant-descriptions-item-content">18:00:00</span>
            </div>
          </td>
        </tr>
        <tr class="ant-descriptions-row">
          <th class="ant-descriptions-item" colspan="1">
            <div class="ant-descriptions-item-container"><span class="ant-descriptions-item-label">Amount</span>
              <!---->
            </div>
          </th>
        </tr>
        <tr class="ant-descriptions-row">
          <td class="ant-descriptions-item" colspan="1">
            <div class="ant-descriptions-item-container">
              <!----><span class="ant-descriptions-item-content">$80.00</span>
            </div>
          </td>
        </tr>
      </tbody>
    </table>
  </div>
</div>
`;

exports[`Descriptions when item is rendered conditionally 1`] = `
<div class="ant-descriptions">
  <!---->
  <div class="ant-descriptions-view">
    <table>
      <tbody>
        <tr class="ant-descriptions-row">
          <td class="ant-descriptions-item" colspan="1">
            <div class="ant-descriptions-item-container"><span class="ant-descriptions-item-label">Product</span><span class="ant-descriptions-item-content">Cloud Database</span></div>
          </td>
        </tr>
        <tr class="ant-descriptions-row">
          <td class="ant-descriptions-item" colspan="1">
            <div class="ant-descriptions-item-container"><span class="ant-descriptions-item-label">Billing</span><span class="ant-descriptions-item-content">Prepaid</span></div>
          </td>
        </tr>
        <tr class="ant-descriptions-row">
          <td class="ant-descriptions-item" colspan="1">
            <div class="ant-descriptions-item-container"><span class="ant-descriptions-item-label">time</span><span class="ant-descriptions-item-content">18:00:00</span></div>
          </td>
        </tr>
        <tr class="ant-descriptions-row">
          <td class="ant-descriptions-item" colspan="1">
            <div class="ant-descriptions-item-container"><span class="ant-descriptions-item-label">Amount</span><span class="ant-descriptions-item-content">$80.00</span></div>
          </td>
        </tr>
      </tbody>
    </table>
  </div>
</div>
`;
