// Jest Snapshot v1, https://goo.gl/fbAQLP

exports[`Calendar Calendar should support locale 1`] = `
<div class="ant-picker-calendar ant-picker-calendar-full">
  <div class="ant-picker-calendar-header">
    <div class="ant-select ant-picker-calendar-year-select ant-select-single ant-select-show-arrow">
      <!---->
      <!---->
      <div class="ant-select-selector"><span class="ant-select-selection-search"><input type="search" id="rc_select_TEST_OR_SSR" autocomplete="off" class="ant-select-selection-search-input" role="combobox" aria-haspopup="listbox" aria-owns="rc_select_TEST_OR_SSR_list" aria-autocomplete="list" aria-controls="rc_select_TEST_OR_SSR_list" aria-activedescendant="rc_select_TEST_OR_SSR_list_0" readonly="" unselectable="on" style="opacity: 0;"></span><span class="ant-select-selection-item" title="2018年">2018年</span>
        <!---->
      </div><span class="ant-select-arrow" style="user-select: none;" unselectable="on" aria-hidden="true"><span role="img" aria-label="down" class="anticon anticon-down ant-select-suffix"><svg focusable="false" class="" data-icon="down" width="1em" height="1em" fill="currentColor" aria-hidden="true" viewBox="64 64 896 896"><path d="M884 256h-75c-5.1 0-9.9 2.5-12.9 6.6L512 654.2 227.9 262.6c-3-4.1-7.8-6.6-12.9-6.6h-75c-6.5 0-10.3 7.4-6.5 12.7l352.6 486.1c12.8 17.6 39 17.6 51.7 0l352.6-486.1c3.9-5.3.1-12.7-6.4-12.7z"></path></svg></span>
      <!----></span>
      <!---->
    </div>
    <div class="ant-select ant-picker-calendar-month-select ant-select-single ant-select-show-arrow">
      <!---->
      <!---->
      <div class="ant-select-selector"><span class="ant-select-selection-search"><input type="search" id="rc_select_TEST_OR_SSR" autocomplete="off" class="ant-select-selection-search-input" role="combobox" aria-haspopup="listbox" aria-owns="rc_select_TEST_OR_SSR_list" aria-autocomplete="list" aria-controls="rc_select_TEST_OR_SSR_list" aria-activedescendant="rc_select_TEST_OR_SSR_list_0" readonly="" unselectable="on" style="opacity: 0;"></span><span class="ant-select-selection-item" title="Oct">Oct</span>
        <!---->
      </div><span class="ant-select-arrow" style="user-select: none;" unselectable="on" aria-hidden="true"><span role="img" aria-label="down" class="anticon anticon-down ant-select-suffix"><svg focusable="false" class="" data-icon="down" width="1em" height="1em" fill="currentColor" aria-hidden="true" viewBox="64 64 896 896"><path d="M884 256h-75c-5.1 0-9.9 2.5-12.9 6.6L512 654.2 227.9 262.6c-3-4.1-7.8-6.6-12.9-6.6h-75c-6.5 0-10.3 7.4-6.5 12.7l352.6 486.1c12.8 17.6 39 17.6 51.7 0l352.6-486.1c3.9-5.3.1-12.7-6.4-12.7z"></path></svg></span>
      <!----></span>
      <!---->
    </div>
    <div class="ant-radio-group ant-radio-group-outline ant-picker-calendar-mode-switch"><label class="ant-radio-button-wrapper ant-radio-button-wrapper-checked"><span class="ant-radio-button ant-radio-button-checked"><input type="radio" class="ant-radio-button-input" value="month"><span class="ant-radio-button-inner"></span></span><span>月</span></label><label class="ant-radio-button-wrapper"><span class="ant-radio-button"><input type="radio" class="ant-radio-button-input" value="year"><span class="ant-radio-button-inner"></span></span><span>年</span></label></div>
  </div>
  <div tabindex="0" class="ant-picker-panel">
    <div class="ant-picker-date-panel">
      <!---->
      <div class="ant-picker-body">
        <table class="ant-picker-content">
          <thead>
            <tr>
              <th>Su</th>
              <th>Mo</th>
              <th>Tu</th>
              <th>We</th>
              <th>Th</th>
              <th>Fr</th>
              <th>Sa</th>
            </tr>
          </thead>
          <tbody>
            <tr>
              <td title="2018-09-30" class="ant-picker-cell ant-picker-cell-end">
                <div class="ant-picker-cell-inner ant-picker-calendar-date">
                  <div class="ant-picker-calendar-date-value">30</div>
                  <div class="ant-picker-calendar-date-content">
                    <!---->
                  </div>
                </div>
              </td>
              <td title="2018-10-01" class="ant-picker-cell ant-picker-cell-start ant-picker-cell-in-view">
                <div class="ant-picker-cell-inner ant-picker-calendar-date">
                  <div class="ant-picker-calendar-date-value">01</div>
                  <div class="ant-picker-calendar-date-content">
                    <!---->
                  </div>
                </div>
              </td>
              <td title="2018-10-02" class="ant-picker-cell ant-picker-cell-in-view">
                <div class="ant-picker-cell-inner ant-picker-calendar-date">
                  <div class="ant-picker-calendar-date-value">02</div>
                  <div class="ant-picker-calendar-date-content">
                    <!---->
                  </div>
                </div>
              </td>
              <td title="2018-10-03" class="ant-picker-cell ant-picker-cell-in-view">
                <div class="ant-picker-cell-inner ant-picker-calendar-date">
                  <div class="ant-picker-calendar-date-value">03</div>
                  <div class="ant-picker-calendar-date-content">
                    <!---->
                  </div>
                </div>
              </td>
              <td title="2018-10-04" class="ant-picker-cell ant-picker-cell-in-view">
                <div class="ant-picker-cell-inner ant-picker-calendar-date">
                  <div class="ant-picker-calendar-date-value">04</div>
                  <div class="ant-picker-calendar-date-content">
                    <!---->
                  </div>
                </div>
              </td>
              <td title="2018-10-05" class="ant-picker-cell ant-picker-cell-in-view">
                <div class="ant-picker-cell-inner ant-picker-calendar-date">
                  <div class="ant-picker-calendar-date-value">05</div>
                  <div class="ant-picker-calendar-date-content">
                    <!---->
                  </div>
                </div>
              </td>
              <td title="2018-10-06" class="ant-picker-cell ant-picker-cell-in-view">
                <div class="ant-picker-cell-inner ant-picker-calendar-date">
                  <div class="ant-picker-calendar-date-value">06</div>
                  <div class="ant-picker-calendar-date-content">
                    <!---->
                  </div>
                </div>
              </td>
            </tr>
            <tr>
              <td title="2018-10-07" class="ant-picker-cell ant-picker-cell-in-view">
                <div class="ant-picker-cell-inner ant-picker-calendar-date">
                  <div class="ant-picker-calendar-date-value">07</div>
                  <div class="ant-picker-calendar-date-content">
                    <!---->
                  </div>
                </div>
              </td>
              <td title="2018-10-08" class="ant-picker-cell ant-picker-cell-in-view">
                <div class="ant-picker-cell-inner ant-picker-calendar-date">
                  <div class="ant-picker-calendar-date-value">08</div>
                  <div class="ant-picker-calendar-date-content">
                    <!---->
                  </div>
                </div>
              </td>
              <td title="2018-10-09" class="ant-picker-cell ant-picker-cell-in-view">
                <div class="ant-picker-cell-inner ant-picker-calendar-date">
                  <div class="ant-picker-calendar-date-value">09</div>
                  <div class="ant-picker-calendar-date-content">
                    <!---->
                  </div>
                </div>
              </td>
              <td title="2018-10-10" class="ant-picker-cell ant-picker-cell-in-view">
                <div class="ant-picker-cell-inner ant-picker-calendar-date">
                  <div class="ant-picker-calendar-date-value">10</div>
                  <div class="ant-picker-calendar-date-content">
                    <!---->
                  </div>
                </div>
              </td>
              <td title="2018-10-11" class="ant-picker-cell ant-picker-cell-in-view">
                <div class="ant-picker-cell-inner ant-picker-calendar-date">
                  <div class="ant-picker-calendar-date-value">11</div>
                  <div class="ant-picker-calendar-date-content">
                    <!---->
                  </div>
                </div>
              </td>
              <td title="2018-10-12" class="ant-picker-cell ant-picker-cell-in-view">
                <div class="ant-picker-cell-inner ant-picker-calendar-date">
                  <div class="ant-picker-calendar-date-value">12</div>
                  <div class="ant-picker-calendar-date-content">
                    <!---->
                  </div>
                </div>
              </td>
              <td title="2018-10-13" class="ant-picker-cell ant-picker-cell-in-view">
                <div class="ant-picker-cell-inner ant-picker-calendar-date">
                  <div class="ant-picker-calendar-date-value">13</div>
                  <div class="ant-picker-calendar-date-content">
                    <!---->
                  </div>
                </div>
              </td>
            </tr>
            <tr>
              <td title="2018-10-14" class="ant-picker-cell ant-picker-cell-in-view">
                <div class="ant-picker-cell-inner ant-picker-calendar-date">
                  <div class="ant-picker-calendar-date-value">14</div>
                  <div class="ant-picker-calendar-date-content">
                    <!---->
                  </div>
                </div>
              </td>
              <td title="2018-10-15" class="ant-picker-cell ant-picker-cell-in-view">
                <div class="ant-picker-cell-inner ant-picker-calendar-date">
                  <div class="ant-picker-calendar-date-value">15</div>
                  <div class="ant-picker-calendar-date-content">
                    <!---->
                  </div>
                </div>
              </td>
              <td title="2018-10-16" class="ant-picker-cell ant-picker-cell-in-view">
                <div class="ant-picker-cell-inner ant-picker-calendar-date">
                  <div class="ant-picker-calendar-date-value">16</div>
                  <div class="ant-picker-calendar-date-content">
                    <!---->
                  </div>
                </div>
              </td>
              <td title="2018-10-17" class="ant-picker-cell ant-picker-cell-in-view">
                <div class="ant-picker-cell-inner ant-picker-calendar-date">
                  <div class="ant-picker-calendar-date-value">17</div>
                  <div class="ant-picker-calendar-date-content">
                    <!---->
                  </div>
                </div>
              </td>
              <td title="2018-10-18" class="ant-picker-cell ant-picker-cell-in-view">
                <div class="ant-picker-cell-inner ant-picker-calendar-date">
                  <div class="ant-picker-calendar-date-value">18</div>
                  <div class="ant-picker-calendar-date-content">
                    <!---->
                  </div>
                </div>
              </td>
              <td title="2018-10-19" class="ant-picker-cell ant-picker-cell-in-view ant-picker-cell-today ant-picker-cell-selected">
                <div class="ant-picker-cell-inner ant-picker-calendar-date ant-picker-calendar-date-today">
                  <div class="ant-picker-calendar-date-value">19</div>
                  <div class="ant-picker-calendar-date-content">
                    <!---->
                  </div>
                </div>
              </td>
              <td title="2018-10-20" class="ant-picker-cell ant-picker-cell-in-view">
                <div class="ant-picker-cell-inner ant-picker-calendar-date">
                  <div class="ant-picker-calendar-date-value">20</div>
                  <div class="ant-picker-calendar-date-content">
                    <!---->
                  </div>
                </div>
              </td>
            </tr>
            <tr>
              <td title="2018-10-21" class="ant-picker-cell ant-picker-cell-in-view">
                <div class="ant-picker-cell-inner ant-picker-calendar-date">
                  <div class="ant-picker-calendar-date-value">21</div>
                  <div class="ant-picker-calendar-date-content">
                    <!---->
                  </div>
                </div>
              </td>
              <td title="2018-10-22" class="ant-picker-cell ant-picker-cell-in-view">
                <div class="ant-picker-cell-inner ant-picker-calendar-date">
                  <div class="ant-picker-calendar-date-value">22</div>
                  <div class="ant-picker-calendar-date-content">
                    <!---->
                  </div>
                </div>
              </td>
              <td title="2018-10-23" class="ant-picker-cell ant-picker-cell-in-view">
                <div class="ant-picker-cell-inner ant-picker-calendar-date">
                  <div class="ant-picker-calendar-date-value">23</div>
                  <div class="ant-picker-calendar-date-content">
                    <!---->
                  </div>
                </div>
              </td>
              <td title="2018-10-24" class="ant-picker-cell ant-picker-cell-in-view">
                <div class="ant-picker-cell-inner ant-picker-calendar-date">
                  <div class="ant-picker-calendar-date-value">24</div>
                  <div class="ant-picker-calendar-date-content">
                    <!---->
                  </div>
                </div>
              </td>
              <td title="2018-10-25" class="ant-picker-cell ant-picker-cell-in-view">
                <div class="ant-picker-cell-inner ant-picker-calendar-date">
                  <div class="ant-picker-calendar-date-value">25</div>
                  <div class="ant-picker-calendar-date-content">
                    <!---->
                  </div>
                </div>
              </td>
              <td title="2018-10-26" class="ant-picker-cell ant-picker-cell-in-view">
                <div class="ant-picker-cell-inner ant-picker-calendar-date">
                  <div class="ant-picker-calendar-date-value">26</div>
                  <div class="ant-picker-calendar-date-content">
                    <!---->
                  </div>
                </div>
              </td>
              <td title="2018-10-27" class="ant-picker-cell ant-picker-cell-in-view">
                <div class="ant-picker-cell-inner ant-picker-calendar-date">
                  <div class="ant-picker-calendar-date-value">27</div>
                  <div class="ant-picker-calendar-date-content">
                    <!---->
                  </div>
                </div>
              </td>
            </tr>
            <tr>
              <td title="2018-10-28" class="ant-picker-cell ant-picker-cell-in-view">
                <div class="ant-picker-cell-inner ant-picker-calendar-date">
                  <div class="ant-picker-calendar-date-value">28</div>
                  <div class="ant-picker-calendar-date-content">
                    <!---->
                  </div>
                </div>
              </td>
              <td title="2018-10-29" class="ant-picker-cell ant-picker-cell-in-view">
                <div class="ant-picker-cell-inner ant-picker-calendar-date">
                  <div class="ant-picker-calendar-date-value">29</div>
                  <div class="ant-picker-calendar-date-content">
                    <!---->
                  </div>
                </div>
              </td>
              <td title="2018-10-30" class="ant-picker-cell ant-picker-cell-in-view">
                <div class="ant-picker-cell-inner ant-picker-calendar-date">
                  <div class="ant-picker-calendar-date-value">30</div>
                  <div class="ant-picker-calendar-date-content">
                    <!---->
                  </div>
                </div>
              </td>
              <td title="2018-10-31" class="ant-picker-cell ant-picker-cell-end ant-picker-cell-in-view">
                <div class="ant-picker-cell-inner ant-picker-calendar-date">
                  <div class="ant-picker-calendar-date-value">31</div>
                  <div class="ant-picker-calendar-date-content">
                    <!---->
                  </div>
                </div>
              </td>
              <td title="2018-11-01" class="ant-picker-cell ant-picker-cell-start">
                <div class="ant-picker-cell-inner ant-picker-calendar-date">
                  <div class="ant-picker-calendar-date-value">01</div>
                  <div class="ant-picker-calendar-date-content">
                    <!---->
                  </div>
                </div>
              </td>
              <td title="2018-11-02" class="ant-picker-cell">
                <div class="ant-picker-cell-inner ant-picker-calendar-date">
                  <div class="ant-picker-calendar-date-value">02</div>
                  <div class="ant-picker-calendar-date-content">
                    <!---->
                  </div>
                </div>
              </td>
              <td title="2018-11-03" class="ant-picker-cell">
                <div class="ant-picker-cell-inner ant-picker-calendar-date">
                  <div class="ant-picker-calendar-date-value">03</div>
                  <div class="ant-picker-calendar-date-content">
                    <!---->
                  </div>
                </div>
              </td>
            </tr>
            <tr>
              <td title="2018-11-04" class="ant-picker-cell">
                <div class="ant-picker-cell-inner ant-picker-calendar-date">
                  <div class="ant-picker-calendar-date-value">04</div>
                  <div class="ant-picker-calendar-date-content">
                    <!---->
                  </div>
                </div>
              </td>
              <td title="2018-11-05" class="ant-picker-cell">
                <div class="ant-picker-cell-inner ant-picker-calendar-date">
                  <div class="ant-picker-calendar-date-value">05</div>
                  <div class="ant-picker-calendar-date-content">
                    <!---->
                  </div>
                </div>
              </td>
              <td title="2018-11-06" class="ant-picker-cell">
                <div class="ant-picker-cell-inner ant-picker-calendar-date">
                  <div class="ant-picker-calendar-date-value">06</div>
                  <div class="ant-picker-calendar-date-content">
                    <!---->
                  </div>
                </div>
              </td>
              <td title="2018-11-07" class="ant-picker-cell">
                <div class="ant-picker-cell-inner ant-picker-calendar-date">
                  <div class="ant-picker-calendar-date-value">07</div>
                  <div class="ant-picker-calendar-date-content">
                    <!---->
                  </div>
                </div>
              </td>
              <td title="2018-11-08" class="ant-picker-cell">
                <div class="ant-picker-cell-inner ant-picker-calendar-date">
                  <div class="ant-picker-calendar-date-value">08</div>
                  <div class="ant-picker-calendar-date-content">
                    <!---->
                  </div>
                </div>
              </td>
              <td title="2018-11-09" class="ant-picker-cell">
                <div class="ant-picker-cell-inner ant-picker-calendar-date">
                  <div class="ant-picker-calendar-date-value">09</div>
                  <div class="ant-picker-calendar-date-content">
                    <!---->
                  </div>
                </div>
              </td>
              <td title="2018-11-10" class="ant-picker-cell">
                <div class="ant-picker-cell-inner ant-picker-calendar-date">
                  <div class="ant-picker-calendar-date-value">10</div>
                  <div class="ant-picker-calendar-date-content">
                    <!---->
                  </div>
                </div>
              </td>
            </tr>
          </tbody>
        </table>
      </div>
    </div>
    <!---->
  </div>
</div>
`;
