// Jest Snapshot v1, https://goo.gl/fbAQLP

exports[`WeekPicker should support style prop 1`] = `
<div class="ant-picker" style="width: 400px;">
  <div class="ant-picker-input"><input readonly="" placeholder="Select week" title="" size="12" autocomplete="off"><span class="ant-picker-suffix"><span role="img" aria-label="calendar" class="anticon anticon-calendar"><svg focusable="false" class="" data-icon="calendar" width="1em" height="1em" fill="currentColor" aria-hidden="true" viewBox="64 64 896 896"><path d="M880 184H712v-64c0-4.4-3.6-8-8-8h-56c-4.4 0-8 3.6-8 8v64H384v-64c0-4.4-3.6-8-8-8h-56c-4.4 0-8 3.6-8 8v64H144c-17.7 0-32 14.3-32 32v664c0 17.7 14.3 32 32 32h736c17.7 0 32-14.3 32-32V216c0-17.7-14.3-32-32-32zm-40 656H184V460h656v380zM184 392V256h128v48c0 4.4 3.6 8 8 8h56c4.4 0 8-3.6 8-8v-48h256v48c0 4.4 3.6 8 8 8h56c4.4 0 8-3.6 8-8v-48h128v136H184z"></path></svg></span>
    <!----></span>
    <!---->
  </div>
  <div>
    <!---->
    <div class="ant-picker-dropdown ant-slide-up-enter ant-slide-up-enter-prepare" style="pointer-events: none; display: none;">
      <div class="ant-picker-panel-container">
        <div tabindex="-1" class="ant-picker-panel ant-picker-panel-focused">
          <div class="ant-picker-week-panel">
            <div class="ant-picker-header"><button type="button" tabindex="-1" class="ant-picker-header-super-prev-btn"><span class="ant-picker-super-prev-icon"></span></button><button type="button" tabindex="-1" class="ant-picker-header-prev-btn"><span class="ant-picker-prev-icon"></span></button>
              <div class="ant-picker-header-view"><button type="button" tabindex="-1" class="ant-picker-month-btn">Sep</button><button type="button" tabindex="-1" class="ant-picker-year-btn">2017</button></div><button type="button" tabindex="-1" class="ant-picker-header-next-btn"><span class="ant-picker-next-icon"></span></button><button type="button" tabindex="-1" class="ant-picker-header-super-next-btn"><span class="ant-picker-super-next-icon"></span></button>
            </div>
            <div class="ant-picker-body">
              <table class="ant-picker-content">
                <thead>
                  <tr>
                    <th aria-label="empty cell"></th>
                    <th>Su</th>
                    <th>Mo</th>
                    <th>Tu</th>
                    <th>We</th>
                    <th>Th</th>
                    <th>Fr</th>
                    <th>Sa</th>
                  </tr>
                </thead>
                <tbody>
                  <tr class="ant-picker-week-panel-row">
                    <td class="ant-picker-cell ant-picker-cell-week">35</td>
                    <td title="2017-08-27" class="ant-picker-cell">
                      <div class="ant-picker-cell-inner">27</div>
                    </td>
                    <td title="2017-08-28" class="ant-picker-cell">
                      <div class="ant-picker-cell-inner">28</div>
                    </td>
                    <td title="2017-08-29" class="ant-picker-cell">
                      <div class="ant-picker-cell-inner">29</div>
                    </td>
                    <td title="2017-08-30" class="ant-picker-cell">
                      <div class="ant-picker-cell-inner">30</div>
                    </td>
                    <td title="2017-08-31" class="ant-picker-cell ant-picker-cell-end">
                      <div class="ant-picker-cell-inner">31</div>
                    </td>
                    <td title="2017-09-01" class="ant-picker-cell ant-picker-cell-start ant-picker-cell-in-view">
                      <div class="ant-picker-cell-inner">1</div>
                    </td>
                    <td title="2017-09-02" class="ant-picker-cell ant-picker-cell-in-view">
                      <div class="ant-picker-cell-inner">2</div>
                    </td>
                  </tr>
                  <tr class="ant-picker-week-panel-row">
                    <td class="ant-picker-cell ant-picker-cell-week">36</td>
                    <td title="2017-09-03" class="ant-picker-cell ant-picker-cell-in-view">
                      <div class="ant-picker-cell-inner">3</div>
                    </td>
                    <td title="2017-09-04" class="ant-picker-cell ant-picker-cell-in-view">
                      <div class="ant-picker-cell-inner">4</div>
                    </td>
                    <td title="2017-09-05" class="ant-picker-cell ant-picker-cell-in-view">
                      <div class="ant-picker-cell-inner">5</div>
                    </td>
                    <td title="2017-09-06" class="ant-picker-cell ant-picker-cell-in-view">
                      <div class="ant-picker-cell-inner">6</div>
                    </td>
                    <td title="2017-09-07" class="ant-picker-cell ant-picker-cell-in-view">
                      <div class="ant-picker-cell-inner">7</div>
                    </td>
                    <td title="2017-09-08" class="ant-picker-cell ant-picker-cell-in-view">
                      <div class="ant-picker-cell-inner">8</div>
                    </td>
                    <td title="2017-09-09" class="ant-picker-cell ant-picker-cell-in-view">
                      <div class="ant-picker-cell-inner">9</div>
                    </td>
                  </tr>
                  <tr class="ant-picker-week-panel-row">
                    <td class="ant-picker-cell ant-picker-cell-week">37</td>
                    <td title="2017-09-10" class="ant-picker-cell ant-picker-cell-in-view">
                      <div class="ant-picker-cell-inner">10</div>
                    </td>
                    <td title="2017-09-11" class="ant-picker-cell ant-picker-cell-in-view">
                      <div class="ant-picker-cell-inner">11</div>
                    </td>
                    <td title="2017-09-12" class="ant-picker-cell ant-picker-cell-in-view">
                      <div class="ant-picker-cell-inner">12</div>
                    </td>
                    <td title="2017-09-13" class="ant-picker-cell ant-picker-cell-in-view">
                      <div class="ant-picker-cell-inner">13</div>
                    </td>
                    <td title="2017-09-14" class="ant-picker-cell ant-picker-cell-in-view">
                      <div class="ant-picker-cell-inner">14</div>
                    </td>
                    <td title="2017-09-15" class="ant-picker-cell ant-picker-cell-in-view">
                      <div class="ant-picker-cell-inner">15</div>
                    </td>
                    <td title="2017-09-16" class="ant-picker-cell ant-picker-cell-in-view">
                      <div class="ant-picker-cell-inner">16</div>
                    </td>
                  </tr>
                  <tr class="ant-picker-week-panel-row">
                    <td class="ant-picker-cell ant-picker-cell-week">38</td>
                    <td title="2017-09-17" class="ant-picker-cell ant-picker-cell-in-view">
                      <div class="ant-picker-cell-inner">17</div>
                    </td>
                    <td title="2017-09-18" class="ant-picker-cell ant-picker-cell-in-view ant-picker-cell-today">
                      <div class="ant-picker-cell-inner">18</div>
                    </td>
                    <td title="2017-09-19" class="ant-picker-cell ant-picker-cell-in-view">
                      <div class="ant-picker-cell-inner">19</div>
                    </td>
                    <td title="2017-09-20" class="ant-picker-cell ant-picker-cell-in-view">
                      <div class="ant-picker-cell-inner">20</div>
                    </td>
                    <td title="2017-09-21" class="ant-picker-cell ant-picker-cell-in-view">
                      <div class="ant-picker-cell-inner">21</div>
                    </td>
                    <td title="2017-09-22" class="ant-picker-cell ant-picker-cell-in-view">
                      <div class="ant-picker-cell-inner">22</div>
                    </td>
                    <td title="2017-09-23" class="ant-picker-cell ant-picker-cell-in-view">
                      <div class="ant-picker-cell-inner">23</div>
                    </td>
                  </tr>
                  <tr class="ant-picker-week-panel-row">
                    <td class="ant-picker-cell ant-picker-cell-week">39</td>
                    <td title="2017-09-24" class="ant-picker-cell ant-picker-cell-in-view">
                      <div class="ant-picker-cell-inner">24</div>
                    </td>
                    <td title="2017-09-25" class="ant-picker-cell ant-picker-cell-in-view">
                      <div class="ant-picker-cell-inner">25</div>
                    </td>
                    <td title="2017-09-26" class="ant-picker-cell ant-picker-cell-in-view">
                      <div class="ant-picker-cell-inner">26</div>
                    </td>
                    <td title="2017-09-27" class="ant-picker-cell ant-picker-cell-in-view">
                      <div class="ant-picker-cell-inner">27</div>
                    </td>
                    <td title="2017-09-28" class="ant-picker-cell ant-picker-cell-in-view">
                      <div class="ant-picker-cell-inner">28</div>
                    </td>
                    <td title="2017-09-29" class="ant-picker-cell ant-picker-cell-in-view">
                      <div class="ant-picker-cell-inner">29</div>
                    </td>
                    <td title="2017-09-30" class="ant-picker-cell ant-picker-cell-end ant-picker-cell-in-view">
                      <div class="ant-picker-cell-inner">30</div>
                    </td>
                  </tr>
                  <tr class="ant-picker-week-panel-row">
                    <td class="ant-picker-cell ant-picker-cell-week">40</td>
                    <td title="2017-10-01" class="ant-picker-cell ant-picker-cell-start">
                      <div class="ant-picker-cell-inner">1</div>
                    </td>
                    <td title="2017-10-02" class="ant-picker-cell">
                      <div class="ant-picker-cell-inner">2</div>
                    </td>
                    <td title="2017-10-03" class="ant-picker-cell">
                      <div class="ant-picker-cell-inner">3</div>
                    </td>
                    <td title="2017-10-04" class="ant-picker-cell">
                      <div class="ant-picker-cell-inner">4</div>
                    </td>
                    <td title="2017-10-05" class="ant-picker-cell">
                      <div class="ant-picker-cell-inner">5</div>
                    </td>
                    <td title="2017-10-06" class="ant-picker-cell">
                      <div class="ant-picker-cell-inner">6</div>
                    </td>
                    <td title="2017-10-07" class="ant-picker-cell">
                      <div class="ant-picker-cell-inner">7</div>
                    </td>
                  </tr>
                </tbody>
              </table>
            </div>
          </div>
          <!---->
        </div>
      </div>
    </div>
  </div>
</div>
`;
