// Jest Snapshot v1, https://goo.gl/fbAQLP

exports[`renders ./components/image/demo/basic.vue correctly 1`] = `
<div class="ant-image" style="width: 200px;"><img class="ant-image-img" src="https://zos.alipayobjects.com/rmsportal/jkjgkEfvpUPVyRjUImniVslZfWPnJuuZ.png">
  <!---->
  <!---->
</div>
`;

exports[`renders ./components/image/demo/controlledPreview.vue correctly 1`] = `
<div><button class="ant-btn ant-btn-primary" type="button">
    <!----><span>show image preview</span>
  </button>
  <div class="ant-image" style="width: 200px;"><img class="ant-image-img" style="display: none;" src="https://zos.alipayobjects.com/rmsportal/jkjgkEfvpUPVyRjUImniVslZfWPnJuuZ.png">
    <!---->
    <!---->
  </div>
  <!---->
</div>
`;

exports[`renders ./components/image/demo/fallback.vue correctly 1`] = `
<div class="ant-image" style="width: 200px; height: 200px;"><img class="ant-image-img" src="https://www.antdv.com/#error">
  <!---->
  <!---->
</div>
`;

exports[`renders ./components/image/demo/placeholder.vue correctly 1`] = `
<div class="ant-space ant-space-horizontal ant-space-align-center">
  <div class="ant-space-item" style="margin-right: 12px;">
    <div class="ant-image" style="width: 200px;"><img class="ant-image-img" src="https://zos.alipayobjects.com/rmsportal/jkjgkEfvpUPVyRjUImniVslZfWPnJuuZ.png?undefined">
      <div aria-hidden="true" class="ant-image-placeholder">
        <div class="ant-image" style="width: 200px;"><img class="ant-image-img" src="https://zos.alipayobjects.com/rmsportal/jkjgkEfvpUPVyRjUImniVslZfWPnJuuZ.png?x-oss-process=image/blur,r_50,s_50/quality,q_1/resize,m_mfit,h_200,w_200">
          <!---->
          <!---->
        </div>
        <!---->
      </div>
      <!---->
    </div>
    <!---->
  </div>
  <!---->
  <div class="ant-space-item"><button class="ant-btn ant-btn-primary" type="button">
      <!----><span>reload</span>
    </button></div>
  <!---->
</div>
`;

exports[`renders ./components/image/demo/previewGroup.vue correctly 1`] = `
<div class="ant-image" style="width: 200px;"><img class="ant-image-img" src="https://aliyuncdn.antdv.com/vue.png">
  <!---->
  <!---->
</div>
<div class="ant-image" style="width: 200px;"><img class="ant-image-img" src="https://aliyuncdn.antdv.com/logo.png">
  <!---->
  <!---->
</div>
`;
