// Jest Snapshot v1, https://goo.gl/fbAQLP

exports[`Table.sorter renders sorter icon correctly 1`] = `
<thead class="ant-table-thead">
  <tr>
    <th class="ant-table-cell ant-table-column-has-sorters" tabindex="0" colstart="0" colend="0">
      <!---->
      <!---->
      <div class="ant-table-column-sorters"><span class="ant-table-column-title">Name</span><span class="ant-table-column-sorter ant-table-column-sorter-full"><span class="ant-table-column-sorter-inner"><span role="img" aria-label="caret-up" class="anticon anticon-caret-up ant-table-column-sorter-up"><svg focusable="false" class="" data-icon="caret-up" width="1em" height="1em" fill="currentColor" aria-hidden="true" viewBox="0 0 1024 1024"><path d="M858.9 689L530.5 308.2c-9.4-10.9-27.5-10.9-37 0L165.1 689c-12.2 14.2-1.2 35 18.5 35h656.8c19.7 0 30.7-20.8 18.5-35z"></path></svg></span><span role="img" aria-label="caret-down" class="anticon anticon-caret-down ant-table-column-sorter-down"><svg focusable="false" class="" data-icon="caret-down" width="1em" height="1em" fill="currentColor" aria-hidden="true" viewBox="0 0 1024 1024"><path d="M840.4 300H183.6c-19.7 0-30.7 20.8-18.5 35l328.4 380.8c9.4 10.9 27.5 10.9 37 0L858.9 335c12.2-14.2 1.2-35-18.5-35z"></path></svg></span></span></span></div>
      <!---->
    </th>
  </tr>
</thead>
`;
