// Jest Snapshot v1, https://goo.gl/fbAQLP

exports[`renders ./components/tree-select/demo/async.vue correctly 1`] = `
<div style="width: 100%;" class="ant-select ant-tree-select ant-select-single ant-select-show-arrow">
  <!---->
  <div class="ant-select-selector"><span class="ant-select-selection-search"><input type="search" id="rc_select_TEST_OR_SSR" autocomplete="off" class="ant-select-selection-search-input" role="combobox" aria-haspopup="listbox" aria-owns="rc_select_TEST_OR_SSR_list" aria-autocomplete="list" aria-controls="rc_select_TEST_OR_SSR_list" readonly="" unselectable="on" style="opacity: 0;"></span>
    <!----><span class="ant-select-selection-placeholder">Please select</span>
  </div>
  <!----><span class="ant-select-arrow" style="user-select: none;" unselectable="on" aria-hidden="true"><span role="img" aria-label="down" class="anticon anticon-down ant-select-suffix"><svg focusable="false" class="" data-icon="down" width="1em" height="1em" fill="currentColor" aria-hidden="true" viewBox="64 64 896 896"><path d="M884 256h-75c-5.1 0-9.9 2.5-12.9 6.6L512 654.2 227.9 262.6c-3-4.1-7.8-6.6-12.9-6.6h-75c-6.5 0-10.3 7.4-6.5 12.7l352.6 486.1c12.8 17.6 39 17.6 51.7 0l352.6-486.1c3.9-5.3.1-12.7-6.4-12.7z"></path></svg></span>
  <!----></span>
  <!---->
</div>
`;

exports[`renders ./components/tree-select/demo/basic.vue correctly 1`] = `
<div style="width: 100%;" class="ant-select ant-tree-select ant-select-single ant-select-allow-clear ant-select-show-arrow ant-select-show-search">
  <!---->
  <div class="ant-select-selector"><span class="ant-select-selection-search"><input type="search" id="rc_select_TEST_OR_SSR" autocomplete="off" class="ant-select-selection-search-input" role="combobox" aria-haspopup="listbox" aria-owns="rc_select_TEST_OR_SSR_list" aria-autocomplete="list" aria-controls="rc_select_TEST_OR_SSR_list"></span>
    <!----><span class="ant-select-selection-placeholder">Please select</span>
  </div>
  <!----><span class="ant-select-arrow" style="user-select: none;" unselectable="on" aria-hidden="true"><span role="img" aria-label="down" class="anticon anticon-down ant-select-suffix"><svg focusable="false" class="" data-icon="down" width="1em" height="1em" fill="currentColor" aria-hidden="true" viewBox="64 64 896 896"><path d="M884 256h-75c-5.1 0-9.9 2.5-12.9 6.6L512 654.2 227.9 262.6c-3-4.1-7.8-6.6-12.9-6.6h-75c-6.5 0-10.3 7.4-6.5 12.7l352.6 486.1c12.8 17.6 39 17.6 51.7 0l352.6-486.1c3.9-5.3.1-12.7-6.4-12.7z"></path></svg></span>
  <!----></span>
  <!---->
</div>
`;

exports[`renders ./components/tree-select/demo/checkable.vue correctly 1`] = `
<div style="width: 100%;" class="ant-select ant-tree-select ant-select-multiple ant-select-allow-clear ant-select-show-search">
  <!---->
  <div class="ant-select-selector">
    <div class="ant-select-selection-overflow">
      <div class="ant-select-selection-overflow-item" style="opacity: 1;"><span class="ant-select-selection-item" title="Node1"><span class="ant-select-selection-item-content">Node1</span><span class="ant-select-selection-item-remove" style="user-select: none;" unselectable="on" aria-hidden="true"><span role="img" aria-label="close" class="anticon anticon-close"><svg focusable="false" class="" data-icon="close" width="1em" height="1em" fill="currentColor" aria-hidden="true" fill-rule="evenodd" viewBox="64 64 896 896"><path d="M799.86 166.31c.02 0 .04.02.08.06l57.69 57.7c.04.03.05.05.06.08a.12.12 0 010 .06c0 .03-.02.05-.06.09L569.93 512l287.7 287.7c.04.04.05.06.06.09a.12.12 0 010 .07c0 .02-.02.04-.06.08l-57.7 57.69c-.03.04-.05.05-.07.06a.12.12 0 01-.07 0c-.03 0-.05-.02-.09-.06L512 569.93l-287.7 287.7c-.04.04-.06.05-.09.06a.12.12 0 01-.07 0c-.02 0-.04-.02-.08-.06l-57.69-57.7c-.04-.03-.05-.05-.06-.07a.12.12 0 010-.07c0-.03.02-.05.06-.09L454.07 512l-287.7-287.7c-.04-.04-.05-.06-.06-.09a.12.12 0 010-.07c0-.02.02-.04.06-.08l57.7-57.69c.03-.04.05-.05.07-.06a.12.12 0 01.07 0c.03 0 .05.02.09.06L512 454.07l287.7-287.7c.04-.04.06-.05.09-.06a.12.12 0 01.07 0z"></path></svg></span></span></span></div>
      <!---->
      <div class="ant-select-selection-overflow-item ant-select-selection-overflow-item-suffix" style="opacity: 1;">
        <div class="ant-select-selection-search" style="width: 0px;"><input type="search" id="rc_select_TEST_OR_SSR" autocomplete="off" class="ant-select-selection-search-input" role="combobox" aria-haspopup="listbox" aria-owns="rc_select_TEST_OR_SSR_list" aria-autocomplete="list" aria-controls="rc_select_TEST_OR_SSR_list" readonly="" unselectable="on" style="opacity: 0;"><span class="ant-select-selection-search-mirror" aria-hidden="true">&nbsp;</span></div>
      </div>
      <!---->
    </div>
    <!---->
  </div>
  <!---->
  <!----><span class="ant-select-clear" style="user-select: none;" unselectable="on" aria-hidden="true"><span role="img" aria-label="close-circle" class="anticon anticon-close-circle"><svg focusable="false" class="" data-icon="close-circle" width="1em" height="1em" fill="currentColor" aria-hidden="true" fill-rule="evenodd" viewBox="64 64 896 896"><path d="M512 64c247.4 0 448 200.6 448 448S759.4 960 512 960 64 759.4 64 512 264.6 64 512 64zm127.98 274.82h-.04l-.08.06L512 466.75 384.14 338.88c-.04-.05-.06-.06-.08-.06a.12.12 0 00-.07 0c-.03 0-.05.01-.09.05l-45.02 45.02a.2.2 0 00-.05.09.12.12 0 000 .07v.02a.27.27 0 00.06.06L466.75 512 338.88 639.86c-.05.04-.06.06-.06.08a.12.12 0 000 .07c0 .03.01.05.05.09l45.02 45.02a.2.2 0 00.09.05.12.12 0 00.07 0c.02 0 .04-.01.08-.05L512 557.25l127.86 127.87c.04.04.06.05.08.05a.12.12 0 00.07 0c.03 0 .05-.01.09-.05l45.02-45.02a.2.2 0 00.05-.09.12.12 0 000-.07v-.02a.27.27 0 00-.05-.06L557.25 512l127.87-127.86c.04-.04.05-.06.05-.08a.12.12 0 000-.07c0-.03-.01-.05-.05-.09l-45.02-45.02a.2.2 0 00-.09-.05.12.12 0 00-.07 0z"></path></svg></span></span>
</div>
`;

exports[`renders ./components/tree-select/demo/custom-tag-render.vue correctly 1`] = `
<div style="width: 100%;" class="ant-select ant-tree-select ant-select-multiple ant-select-allow-clear ant-select-show-search">
  <!---->
  <div class="ant-select-selector">
    <div class="ant-select-selection-overflow">
      <div class="ant-select-selection-overflow-item" style="opacity: 1;"><span><span style="margin-right: 3px;" class="ant-tag ant-tag-pink">parent 1&nbsp;&nbsp; <span role="img" aria-label="close" tabindex="-1" class="anticon anticon-close ant-tag-close-icon"><svg focusable="false" class="" data-icon="close" width="1em" height="1em" fill="currentColor" aria-hidden="true" fill-rule="evenodd" viewBox="64 64 896 896"><path d="M799.86 166.31c.02 0 .04.02.08.06l57.69 57.7c.04.03.05.05.06.08a.12.12 0 010 .06c0 .03-.02.05-.06.09L569.93 512l287.7 287.7c.04.04.05.06.06.09a.12.12 0 010 .07c0 .02-.02.04-.06.08l-57.7 57.69c-.03.04-.05.05-.07.06a.12.12 0 01-.07 0c-.03 0-.05-.02-.09-.06L512 569.93l-287.7 287.7c-.04.04-.06.05-.09.06a.12.12 0 01-.07 0c-.02 0-.04-.02-.08-.06l-57.69-57.7c-.04-.03-.05-.05-.06-.07a.12.12 0 010-.07c0-.03.02-.05.06-.09L454.07 512l-287.7-287.7c-.04-.04-.05-.06-.06-.09a.12.12 0 010-.07c0-.02.02-.04.06-.08l57.7-57.69c.03-.04.05-.05.07-.06a.12.12 0 01.07 0c.03 0 .05.02.09.06L512 454.07l287.7-287.7c.04-.04.06-.05.09-.06a.12.12 0 01.07 0z"></path></svg></span></span></span></div>
      <div class="ant-select-selection-overflow-item" style="opacity: 1;"><span><span style="margin-right: 3px;" class="ant-tag ant-tag-orange">parent 1-0&nbsp;&nbsp; <span role="img" aria-label="close" tabindex="-1" class="anticon anticon-close ant-tag-close-icon"><svg focusable="false" class="" data-icon="close" width="1em" height="1em" fill="currentColor" aria-hidden="true" fill-rule="evenodd" viewBox="64 64 896 896"><path d="M799.86 166.31c.02 0 .04.02.08.06l57.69 57.7c.04.03.05.05.06.08a.12.12 0 010 .06c0 .03-.02.05-.06.09L569.93 512l287.7 287.7c.04.04.05.06.06.09a.12.12 0 010 .07c0 .02-.02.04-.06.08l-57.7 57.69c-.03.04-.05.05-.07.06a.12.12 0 01-.07 0c-.03 0-.05-.02-.09-.06L512 569.93l-287.7 287.7c-.04.04-.06.05-.09.06a.12.12 0 01-.07 0c-.02 0-.04-.02-.08-.06l-57.69-57.7c-.04-.03-.05-.05-.06-.07a.12.12 0 010-.07c0-.03.02-.05.06-.09L454.07 512l-287.7-287.7c-.04-.04-.05-.06-.06-.09a.12.12 0 010-.07c0-.02.02-.04.06-.08l57.7-57.69c.03-.04.05-.05.07-.06a.12.12 0 01.07 0c.03 0 .05.02.09.06L512 454.07l287.7-287.7c.04-.04.06-.05.09-.06a.12.12 0 01.07 0z"></path></svg></span></span></span></div>
      <div class="ant-select-selection-overflow-item" style="opacity: 1;"><span><span style="margin-right: 3px;" class="ant-tag ant-tag-green">my leaf&nbsp;&nbsp; <span role="img" aria-label="close" tabindex="-1" class="anticon anticon-close ant-tag-close-icon"><svg focusable="false" class="" data-icon="close" width="1em" height="1em" fill="currentColor" aria-hidden="true" fill-rule="evenodd" viewBox="64 64 896 896"><path d="M799.86 166.31c.02 0 .04.02.08.06l57.69 57.7c.04.03.05.05.06.08a.12.12 0 010 .06c0 .03-.02.05-.06.09L569.93 512l287.7 287.7c.04.04.05.06.06.09a.12.12 0 010 .07c0 .02-.02.04-.06.08l-57.7 57.69c-.03.04-.05.05-.07.06a.12.12 0 01-.07 0c-.03 0-.05-.02-.09-.06L512 569.93l-287.7 287.7c-.04.04-.06.05-.09.06a.12.12 0 01-.07 0c-.02 0-.04-.02-.08-.06l-57.69-57.7c-.04-.03-.05-.05-.06-.07a.12.12 0 010-.07c0-.03.02-.05.06-.09L454.07 512l-287.7-287.7c-.04-.04-.05-.06-.06-.09a.12.12 0 010-.07c0-.02.02-.04.06-.08l57.7-57.69c.03-.04.05-.05.07-.06a.12.12 0 01.07 0c.03 0 .05.02.09.06L512 454.07l287.7-287.7c.04-.04.06-.05.09-.06a.12.12 0 01.07 0z"></path></svg></span></span></span></div>
      <!---->
      <div class="ant-select-selection-overflow-item ant-select-selection-overflow-item-suffix" style="opacity: 1;">
        <div class="ant-select-selection-search" style="width: 0px;"><input type="search" id="rc_select_TEST_OR_SSR" autocomplete="off" class="ant-select-selection-search-input" role="combobox" aria-haspopup="listbox" aria-owns="rc_select_TEST_OR_SSR_list" aria-autocomplete="list" aria-controls="rc_select_TEST_OR_SSR_list" readonly="" unselectable="on" style="opacity: 0;"><span class="ant-select-selection-search-mirror" aria-hidden="true">&nbsp;</span></div>
      </div>
      <!---->
    </div>
    <!---->
  </div>
  <!---->
  <!----><span class="ant-select-clear" style="user-select: none;" unselectable="on" aria-hidden="true"><span role="img" aria-label="close-circle" class="anticon anticon-close-circle"><svg focusable="false" class="" data-icon="close-circle" width="1em" height="1em" fill="currentColor" aria-hidden="true" fill-rule="evenodd" viewBox="64 64 896 896"><path d="M512 64c247.4 0 448 200.6 448 448S759.4 960 512 960 64 759.4 64 512 264.6 64 512 64zm127.98 274.82h-.04l-.08.06L512 466.75 384.14 338.88c-.04-.05-.06-.06-.08-.06a.12.12 0 00-.07 0c-.03 0-.05.01-.09.05l-45.02 45.02a.2.2 0 00-.05.09.12.12 0 000 .07v.02a.27.27 0 00.06.06L466.75 512 338.88 639.86c-.05.04-.06.06-.06.08a.12.12 0 000 .07c0 .03.01.05.05.09l45.02 45.02a.2.2 0 00.09.05.12.12 0 00.07 0c.02 0 .04-.01.08-.05L512 557.25l127.86 127.87c.04.04.06.05.08.05a.12.12 0 00.07 0c.03 0 .05-.01.09-.05l45.02-45.02a.2.2 0 00.05-.09.12.12 0 000-.07v-.02a.27.27 0 00-.05-.06L557.25 512l127.87-127.86c.04-.04.05-.06.05-.08a.12.12 0 000-.07c0-.03-.01-.05-.05-.09l-45.02-45.02a.2.2 0 00-.09-.05.12.12 0 00-.07 0z"></path></svg></span></span>
</div>
`;

exports[`renders ./components/tree-select/demo/highlight.vue correctly 1`] = `
<div style="width: 100%;" class="ant-select ant-tree-select ant-select-single ant-select-allow-clear ant-select-show-arrow ant-select-show-search">
  <!---->
  <div class="ant-select-selector"><span class="ant-select-selection-search"><input type="search" id="rc_select_TEST_OR_SSR" autocomplete="off" class="ant-select-selection-search-input" role="combobox" aria-haspopup="listbox" aria-owns="rc_select_TEST_OR_SSR_list" aria-autocomplete="list" aria-controls="rc_select_TEST_OR_SSR_list"></span>
    <!----><span class="ant-select-selection-placeholder">Please select</span>
  </div>
  <!----><span class="ant-select-arrow" style="user-select: none;" unselectable="on" aria-hidden="true"><span role="img" aria-label="down" class="anticon anticon-down ant-select-suffix"><svg focusable="false" class="" data-icon="down" width="1em" height="1em" fill="currentColor" aria-hidden="true" viewBox="64 64 896 896"><path d="M884 256h-75c-5.1 0-9.9 2.5-12.9 6.6L512 654.2 227.9 262.6c-3-4.1-7.8-6.6-12.9-6.6h-75c-6.5 0-10.3 7.4-6.5 12.7l352.6 486.1c12.8 17.6 39 17.6 51.7 0l352.6-486.1c3.9-5.3.1-12.7-6.4-12.7z"></path></svg></span>
  <!----></span>
  <!---->
</div>
`;

exports[`renders ./components/tree-select/demo/multiple.vue correctly 1`] = `
<div style="width: 100%;" class="ant-select ant-tree-select ant-select-multiple ant-select-allow-clear ant-select-show-search">
  <!---->
  <div class="ant-select-selector">
    <div class="ant-select-selection-overflow">
      <!---->
      <div class="ant-select-selection-overflow-item ant-select-selection-overflow-item-suffix" style="opacity: 1;">
        <div class="ant-select-selection-search" style="width: 0px;"><input type="search" id="rc_select_TEST_OR_SSR" autocomplete="off" class="ant-select-selection-search-input" role="combobox" aria-haspopup="listbox" aria-owns="rc_select_TEST_OR_SSR_list" aria-autocomplete="list" aria-controls="rc_select_TEST_OR_SSR_list" readonly="" unselectable="on" style="opacity: 0;"><span class="ant-select-selection-search-mirror" aria-hidden="true">&nbsp;</span></div>
      </div>
      <!---->
    </div><span class="ant-select-selection-placeholder">Please select</span>
  </div>
  <!---->
  <!---->
  <!---->
</div>
`;

exports[`renders ./components/tree-select/demo/placement.vue correctly 1`] = `
<div class="ant-radio-group ant-radio-group-outline"><label class="ant-radio-button-wrapper ant-radio-button-wrapper-checked"><span class="ant-radio-button ant-radio-button-checked"><input type="radio" class="ant-radio-button-input" value="topLeft"><span class="ant-radio-button-inner"></span></span><span>topLeft</span></label><label class="ant-radio-button-wrapper"><span class="ant-radio-button"><input type="radio" class="ant-radio-button-input" value="topRight"><span class="ant-radio-button-inner"></span></span><span>topRight</span></label><label class="ant-radio-button-wrapper"><span class="ant-radio-button"><input type="radio" class="ant-radio-button-input" value="bottomLeft"><span class="ant-radio-button-inner"></span></span><span>bottomLeft</span></label><label class="ant-radio-button-wrapper"><span class="ant-radio-button"><input type="radio" class="ant-radio-button-input" value="bottomRight"><span class="ant-radio-button-inner"></span></span><span>bottomRight</span></label></div>
<br>
<br>
<div class="ant-select ant-tree-select ant-select-single ant-select-allow-clear ant-select-show-arrow ant-select-show-search">
  <!---->
  <div class="ant-select-selector"><span class="ant-select-selection-search"><input type="search" id="rc_select_TEST_OR_SSR" autocomplete="off" class="ant-select-selection-search-input" role="combobox" aria-haspopup="listbox" aria-owns="rc_select_TEST_OR_SSR_list" aria-autocomplete="list" aria-controls="rc_select_TEST_OR_SSR_list"></span>
    <!----><span class="ant-select-selection-placeholder">Please select</span>
  </div>
  <!----><span class="ant-select-arrow" style="user-select: none;" unselectable="on" aria-hidden="true"><span role="img" aria-label="down" class="anticon anticon-down ant-select-suffix"><svg focusable="false" class="" data-icon="down" width="1em" height="1em" fill="currentColor" aria-hidden="true" viewBox="64 64 896 896"><path d="M884 256h-75c-5.1 0-9.9 2.5-12.9 6.6L512 654.2 227.9 262.6c-3-4.1-7.8-6.6-12.9-6.6h-75c-6.5 0-10.3 7.4-6.5 12.7l352.6 486.1c12.8 17.6 39 17.6 51.7 0l352.6-486.1c3.9-5.3.1-12.7-6.4-12.7z"></path></svg></span>
  <!----></span>
  <!---->
</div>
`;

exports[`renders ./components/tree-select/demo/replaceFields.vue correctly 1`] = `
<div style="width: 100%;" class="ant-select ant-tree-select ant-select-single ant-select-allow-clear ant-select-show-arrow ant-select-show-search">
  <!---->
  <div class="ant-select-selector"><span class="ant-select-selection-search"><input type="search" id="rc_select_TEST_OR_SSR" autocomplete="off" class="ant-select-selection-search-input" role="combobox" aria-haspopup="listbox" aria-owns="rc_select_TEST_OR_SSR_list" aria-autocomplete="list" aria-controls="rc_select_TEST_OR_SSR_list"></span>
    <!----><span class="ant-select-selection-placeholder">Please select</span>
  </div>
  <!----><span class="ant-select-arrow" style="user-select: none;" unselectable="on" aria-hidden="true"><span role="img" aria-label="down" class="anticon anticon-down ant-select-suffix"><svg focusable="false" class="" data-icon="down" width="1em" height="1em" fill="currentColor" aria-hidden="true" viewBox="64 64 896 896"><path d="M884 256h-75c-5.1 0-9.9 2.5-12.9 6.6L512 654.2 227.9 262.6c-3-4.1-7.8-6.6-12.9-6.6h-75c-6.5 0-10.3 7.4-6.5 12.7l352.6 486.1c12.8 17.6 39 17.6 51.7 0l352.6-486.1c3.9-5.3.1-12.7-6.4-12.7z"></path></svg></span>
  <!----></span>
  <!---->
</div>
`;

exports[`renders ./components/tree-select/demo/status.vue correctly 1`] = `
<div style="width: 100%;" class="ant-space ant-space-vertical">
  <div class="ant-space-item" style="margin-bottom: 8px;">
    <div style="width: 100%;" class="ant-select ant-tree-select ant-select-status-error ant-select-single ant-select-show-arrow">
      <!---->
      <div class="ant-select-selector"><span class="ant-select-selection-search"><input type="search" id="rc_select_TEST_OR_SSR" autocomplete="off" class="ant-select-selection-search-input" role="combobox" aria-haspopup="listbox" aria-owns="rc_select_TEST_OR_SSR_list" aria-autocomplete="list" aria-controls="rc_select_TEST_OR_SSR_list" readonly="" unselectable="on" style="opacity: 0;"></span>
        <!----><span class="ant-select-selection-placeholder">Error</span>
      </div>
      <!----><span class="ant-select-arrow" style="user-select: none;" unselectable="on" aria-hidden="true"><span role="img" aria-label="down" class="anticon anticon-down ant-select-suffix"><svg focusable="false" class="" data-icon="down" width="1em" height="1em" fill="currentColor" aria-hidden="true" viewBox="64 64 896 896"><path d="M884 256h-75c-5.1 0-9.9 2.5-12.9 6.6L512 654.2 227.9 262.6c-3-4.1-7.8-6.6-12.9-6.6h-75c-6.5 0-10.3 7.4-6.5 12.7l352.6 486.1c12.8 17.6 39 17.6 51.7 0l352.6-486.1c3.9-5.3.1-12.7-6.4-12.7z"></path></svg></span>
      <!----></span>
      <!---->
    </div>
  </div>
  <!---->
  <div class="ant-space-item">
    <div style="width: 100%;" class="ant-select ant-tree-select ant-select-status-warning ant-select-multiple ant-select-show-search">
      <!---->
      <div class="ant-select-selector">
        <div class="ant-select-selection-overflow">
          <!---->
          <div class="ant-select-selection-overflow-item ant-select-selection-overflow-item-suffix" style="opacity: 1;">
            <div class="ant-select-selection-search" style="width: 0px;"><input type="search" id="rc_select_TEST_OR_SSR" autocomplete="off" class="ant-select-selection-search-input" role="combobox" aria-haspopup="listbox" aria-owns="rc_select_TEST_OR_SSR_list" aria-autocomplete="list" aria-controls="rc_select_TEST_OR_SSR_list" readonly="" unselectable="on" style="opacity: 0;"><span class="ant-select-selection-search-mirror" aria-hidden="true">&nbsp;</span></div>
          </div>
          <!---->
        </div><span class="ant-select-selection-placeholder">Warning multiple</span>
      </div>
      <!---->
      <!---->
      <!---->
    </div>
  </div>
  <!---->
</div>
`;

exports[`renders ./components/tree-select/demo/suffix.vue correctly 1`] = `
<div style="width: 100%;" class="ant-space ant-space-vertical">
  <div class="ant-space-item" style="margin-bottom: 8px;">
    <div style="width: 100%;" class="ant-select ant-tree-select ant-select-single ant-select-allow-clear ant-select-show-arrow ant-select-show-search">
      <!---->
      <div class="ant-select-selector"><span class="ant-select-selection-search"><input type="search" id="rc_select_TEST_OR_SSR" autocomplete="off" class="ant-select-selection-search-input" role="combobox" aria-haspopup="listbox" aria-owns="rc_select_TEST_OR_SSR_list" aria-autocomplete="list" aria-controls="rc_select_TEST_OR_SSR_list"></span>
        <!----><span class="ant-select-selection-placeholder">Please select</span>
      </div>
      <!----><span class="ant-select-arrow" style="user-select: none;" unselectable="on" aria-hidden="true"><span role="img" aria-label="smile" class="anticon anticon-smile"><svg focusable="false" class="" data-icon="smile" width="1em" height="1em" fill="currentColor" aria-hidden="true" viewBox="64 64 896 896"><path d="M288 421a48 48 0 1096 0 48 48 0 10-96 0zm352 0a48 48 0 1096 0 48 48 0 10-96 0zM512 64C264.6 64 64 264.6 64 512s200.6 448 448 448 448-200.6 448-448S759.4 64 512 64zm263 711c-34.2 34.2-74 61-118.3 79.8C611 874.2 562.3 884 512 884c-50.3 0-99-9.8-144.8-29.2A370.4 370.4 0 01248.9 775c-34.2-34.2-61-74-79.8-118.3C149.8 611 140 562.3 140 512s9.8-99 29.2-144.8A370.4 370.4 0 01249 248.9c34.2-34.2 74-61 118.3-79.8C413 149.8 461.7 140 512 140c50.3 0 99 9.8 144.8 29.2A370.4 370.4 0 01775.1 249c34.2 34.2 61 74 79.8 118.3C874.2 413 884 461.7 884 512s-9.8 99-29.2 144.8A368.89 368.89 0 01775 775zM664 533h-48.1c-4.2 0-7.8 3.2-8.1 7.4C604 589.9 562.5 629 512 629s-92.1-39.1-95.8-88.6c-.3-4.2-3.9-7.4-8.1-7.4H360a8 8 0 00-8 8.4c4.4 84.3 74.5 151.6 160 151.6s155.6-67.3 160-151.6a8 8 0 00-8-8.4z"></path></svg></span>
      <!----></span>
      <!---->
    </div>
  </div>
  <!---->
  <div class="ant-space-item">
    <div style="width: 100%;" class="ant-select ant-tree-select ant-select-multiple ant-select-allow-clear ant-select-show-arrow ant-select-show-search">
      <!---->
      <div class="ant-select-selector">
        <div class="ant-select-selection-overflow">
          <!---->
          <div class="ant-select-selection-overflow-item ant-select-selection-overflow-item-suffix" style="opacity: 1;">
            <div class="ant-select-selection-search" style="width: 0px;"><input type="search" id="rc_select_TEST_OR_SSR" autocomplete="off" class="ant-select-selection-search-input" role="combobox" aria-haspopup="listbox" aria-owns="rc_select_TEST_OR_SSR_list" aria-autocomplete="list" aria-controls="rc_select_TEST_OR_SSR_list" readonly="" unselectable="on" style="opacity: 0;"><span class="ant-select-selection-search-mirror" aria-hidden="true">&nbsp;</span></div>
          </div>
          <!---->
        </div><span class="ant-select-selection-placeholder">Please select</span>
      </div>
      <!----><span class="ant-select-arrow" style="user-select: none;" unselectable="on" aria-hidden="true"><span role="img" aria-label="smile" class="anticon anticon-smile"><svg focusable="false" class="" data-icon="smile" width="1em" height="1em" fill="currentColor" aria-hidden="true" viewBox="64 64 896 896"><path d="M288 421a48 48 0 1096 0 48 48 0 10-96 0zm352 0a48 48 0 1096 0 48 48 0 10-96 0zM512 64C264.6 64 64 264.6 64 512s200.6 448 448 448 448-200.6 448-448S759.4 64 512 64zm263 711c-34.2 34.2-74 61-118.3 79.8C611 874.2 562.3 884 512 884c-50.3 0-99-9.8-144.8-29.2A370.4 370.4 0 01248.9 775c-34.2-34.2-61-74-79.8-118.3C149.8 611 140 562.3 140 512s9.8-99 29.2-144.8A370.4 370.4 0 01249 248.9c34.2-34.2 74-61 118.3-79.8C413 149.8 461.7 140 512 140c50.3 0 99 9.8 144.8 29.2A370.4 370.4 0 01775.1 249c34.2 34.2 61 74 79.8 118.3C874.2 413 884 461.7 884 512s-9.8 99-29.2 144.8A368.89 368.89 0 01775 775zM664 533h-48.1c-4.2 0-7.8 3.2-8.1 7.4C604 589.9 562.5 629 512 629s-92.1-39.1-95.8-88.6c-.3-4.2-3.9-7.4-8.1-7.4H360a8 8 0 00-8 8.4c4.4 84.3 74.5 151.6 160 151.6s155.6-67.3 160-151.6a8 8 0 00-8-8.4z"></path></svg></span>
      <!----></span>
      <!---->
    </div>
  </div>
  <!---->
</div>
`;

exports[`renders ./components/tree-select/demo/tree-line.vue correctly 1`] = `
<div class="ant-space ant-space-vertical">
  <div class="ant-space-item" style="margin-bottom: 8px;"><button type="button" role="switch" aria-checked="true" class="ant-switch-checked ant-switch">
      <div class="ant-switch-handle">
        <!---->
      </div><span class="ant-switch-inner"><span class="ant-switch-inner-checked">treeLine</span><span class="ant-switch-inner-unchecked">treeLine</span></span>
    </button></div>
  <!---->
  <div class="ant-space-item" style="margin-bottom: 8px;"><button type="button" role="switch" aria-checked="false" class="ant-switch">
      <div class="ant-switch-handle">
        <!---->
      </div><span class="ant-switch-inner"><span class="ant-switch-inner-checked">showLeafIcon</span><span class="ant-switch-inner-unchecked">showLeafIcon</span></span>
    </button></div>
  <!---->
  <div class="ant-space-item">
    <div style="width: 300px;" class="ant-select ant-tree-select ant-select-single ant-select-show-arrow">
      <!---->
      <div class="ant-select-selector"><span class="ant-select-selection-search"><input type="search" id="rc_select_TEST_OR_SSR" autocomplete="off" class="ant-select-selection-search-input" role="combobox" aria-haspopup="listbox" aria-owns="rc_select_TEST_OR_SSR_list" aria-autocomplete="list" aria-controls="rc_select_TEST_OR_SSR_list" readonly="" unselectable="on" style="opacity: 0;"></span>
        <!----><span class="ant-select-selection-placeholder">Please select</span>
      </div>
      <!----><span class="ant-select-arrow" style="user-select: none;" unselectable="on" aria-hidden="true"><span role="img" aria-label="down" class="anticon anticon-down ant-select-suffix"><svg focusable="false" class="" data-icon="down" width="1em" height="1em" fill="currentColor" aria-hidden="true" viewBox="64 64 896 896"><path d="M884 256h-75c-5.1 0-9.9 2.5-12.9 6.6L512 654.2 227.9 262.6c-3-4.1-7.8-6.6-12.9-6.6h-75c-6.5 0-10.3 7.4-6.5 12.7l352.6 486.1c12.8 17.6 39 17.6 51.7 0l352.6-486.1c3.9-5.3.1-12.7-6.4-12.7z"></path></svg></span>
      <!----></span>
      <!---->
    </div>
  </div>
  <!---->
</div>
`;

exports[`renders ./components/tree-select/demo/virtual-scroll.vue correctly 1`] = `
<div style="width: 100%;" height="233" class="ant-select ant-tree-select ant-select-multiple ant-select-show-search">
  <!---->
  <div class="ant-select-selector">
    <div class="ant-select-selection-overflow">
      <div class="ant-select-selection-overflow-item" style="opacity: 1;"><span class="ant-select-selection-item" title="0-0-0"><span class="ant-select-selection-item-content">0-0-0</span><span class="ant-select-selection-item-remove" style="user-select: none;" unselectable="on" aria-hidden="true"><span role="img" aria-label="close" class="anticon anticon-close"><svg focusable="false" class="" data-icon="close" width="1em" height="1em" fill="currentColor" aria-hidden="true" fill-rule="evenodd" viewBox="64 64 896 896"><path d="M799.86 166.31c.02 0 .04.02.08.06l57.69 57.7c.04.03.05.05.06.08a.12.12 0 010 .06c0 .03-.02.05-.06.09L569.93 512l287.7 287.7c.04.04.05.06.06.09a.12.12 0 010 .07c0 .02-.02.04-.06.08l-57.7 57.69c-.03.04-.05.05-.07.06a.12.12 0 01-.07 0c-.03 0-.05-.02-.09-.06L512 569.93l-287.7 287.7c-.04.04-.06.05-.09.06a.12.12 0 01-.07 0c-.02 0-.04-.02-.08-.06l-57.69-57.7c-.04-.03-.05-.05-.06-.07a.12.12 0 010-.07c0-.03.02-.05.06-.09L454.07 512l-287.7-287.7c-.04-.04-.05-.06-.06-.09a.12.12 0 010-.07c0-.02.02-.04.06-.08l57.7-57.69c.03-.04.05-.05.07-.06a.12.12 0 01.07 0c.03 0 .05.02.09.06L512 454.07l287.7-287.7c.04-.04.06-.05.09-.06a.12.12 0 01.07 0z"></path></svg></span></span></span></div>
      <div class="ant-select-selection-overflow-item" style="opacity: 1;"><span class="ant-select-selection-item" title="0-0-1"><span class="ant-select-selection-item-content">0-0-1</span><span class="ant-select-selection-item-remove" style="user-select: none;" unselectable="on" aria-hidden="true"><span role="img" aria-label="close" class="anticon anticon-close"><svg focusable="false" class="" data-icon="close" width="1em" height="1em" fill="currentColor" aria-hidden="true" fill-rule="evenodd" viewBox="64 64 896 896"><path d="M799.86 166.31c.02 0 .04.02.08.06l57.69 57.7c.04.03.05.05.06.08a.12.12 0 010 .06c0 .03-.02.05-.06.09L569.93 512l287.7 287.7c.04.04.05.06.06.09a.12.12 0 010 .07c0 .02-.02.04-.06.08l-57.7 57.69c-.03.04-.05.05-.07.06a.12.12 0 01-.07 0c-.03 0-.05-.02-.09-.06L512 569.93l-287.7 287.7c-.04.04-.06.05-.09.06a.12.12 0 01-.07 0c-.02 0-.04-.02-.08-.06l-57.69-57.7c-.04-.03-.05-.05-.06-.07a.12.12 0 010-.07c0-.03.02-.05.06-.09L454.07 512l-287.7-287.7c-.04-.04-.05-.06-.06-.09a.12.12 0 010-.07c0-.02.02-.04.06-.08l57.7-57.69c.03-.04.05-.05.07-.06a.12.12 0 01.07 0c.03 0 .05.02.09.06L512 454.07l287.7-287.7c.04-.04.06-.05.09-.06a.12.12 0 01.07 0z"></path></svg></span></span></span></div>
      <!---->
      <div class="ant-select-selection-overflow-item ant-select-selection-overflow-item-suffix" style="opacity: 1;">
        <div class="ant-select-selection-search" style="width: 0px;"><input type="search" id="rc_select_TEST_OR_SSR" autocomplete="off" class="ant-select-selection-search-input" role="combobox" aria-haspopup="listbox" aria-owns="rc_select_TEST_OR_SSR_list" aria-autocomplete="list" aria-controls="rc_select_TEST_OR_SSR_list" readonly="" unselectable="on" style="opacity: 0;"><span class="ant-select-selection-search-mirror" aria-hidden="true">&nbsp;</span></div>
      </div>
      <!---->
    </div>
    <!---->
  </div>
  <!---->
  <!---->
  <!---->
</div>
`;
