// Jest Snapshot v1, https://goo.gl/fbAQLP

exports[`renders ./components/drawer/demo/basic.vue correctly 1`] = `
<button class="ant-btn ant-btn-primary" type="button">
  <!----><span>Open</span>
</button>
`;

exports[`renders ./components/drawer/demo/extra.vue correctly 1`] = `
<div style="margin-right: 8px;" class="ant-radio-group ant-radio-group-outline"><label class="ant-radio-wrapper"><span class="ant-radio"><input type="radio" class="ant-radio-input" value="top"><span class="ant-radio-inner"></span></span><span>top</span></label><label class="ant-radio-wrapper"><span class="ant-radio"><input type="radio" class="ant-radio-input" value="right"><span class="ant-radio-inner"></span></span><span>right</span></label><label class="ant-radio-wrapper"><span class="ant-radio"><input type="radio" class="ant-radio-input" value="bottom"><span class="ant-radio-inner"></span></span><span>bottom</span></label><label class="ant-radio-wrapper ant-radio-wrapper-checked"><span class="ant-radio ant-radio-checked"><input type="radio" class="ant-radio-input" value="left"><span class="ant-radio-inner"></span></span><span>left</span></label></div>
<button class="ant-btn ant-btn-primary" type="button">
  <!----><span>Open</span>
</button>
`;

exports[`renders ./components/drawer/demo/form-in-drawer.vue correctly 1`] = `<button class="ant-btn ant-btn-primary" type="button"><span role="img" aria-label="plus" class="anticon anticon-plus"><svg focusable="false" class="" data-icon="plus" width="1em" height="1em" fill="currentColor" aria-hidden="true" viewBox="64 64 896 896"><defs><style></style></defs><path d="M482 152h60q8 0 8 8v704q0 8-8 8h-60q-8 0-8-8V160q0-8 8-8z"></path><path d="M176 474h672q8 0 8 8v60q0 8-8 8H176q-8 0-8-8v-60q0-8 8-8z"></path></svg></span><span>New account</span></button>`;

exports[`renders ./components/drawer/demo/multi-level-drawer.vue correctly 1`] = `
<button class="ant-btn ant-btn-primary" type="button">
  <!----><span>Open</span>
</button>
`;

exports[`renders ./components/drawer/demo/placement.vue correctly 1`] = `
<div style="margin-right: 8px;" class="ant-radio-group ant-radio-group-outline"><label class="ant-radio-wrapper"><span class="ant-radio"><input type="radio" class="ant-radio-input" value="top"><span class="ant-radio-inner"></span></span><span>top</span></label><label class="ant-radio-wrapper"><span class="ant-radio"><input type="radio" class="ant-radio-input" value="right"><span class="ant-radio-inner"></span></span><span>right</span></label><label class="ant-radio-wrapper"><span class="ant-radio"><input type="radio" class="ant-radio-input" value="bottom"><span class="ant-radio-inner"></span></span><span>bottom</span></label><label class="ant-radio-wrapper ant-radio-wrapper-checked"><span class="ant-radio ant-radio-checked"><input type="radio" class="ant-radio-input" value="left"><span class="ant-radio-inner"></span></span><span>left</span></label></div>
<button class="ant-btn ant-btn-primary" type="button">
  <!----><span>Open</span>
</button>
`;

exports[`renders ./components/drawer/demo/render-in-current.vue correctly 1`] = `
<div style="height: 200px; overflow: hidden; position: relative; border: 1px solid #ebedf0; border-radius: 2px; padding: 48px; text-align: center; background: rgb(250, 250, 250); width: 100%;"> Render in this <div style="margin-top: 16px;"><button class="ant-btn ant-btn-primary" type="button">
      <!----><span>Open</span>
    </button></div>
  <div tabindex="-1" class="ant-drawer ant-drawer-right ant-drawer-inline ">
    <div class="ant-drawer-mask ant-drawer-mask-motion-enter ant-drawer-mask-motion-enter-prepare ant-drawer-mask-motion-enter-start" style="display: none;"></div>
    <div class="ant-drawer-content-wrapper ant-drawer-panel-motion-right-enter ant-drawer-panel-motion-right-enter-prepare ant-drawer-panel-motion-right-enter-start" style="width: 378px; display: none;">
      <div class="ant-drawer-content" style="position: absolute;">
        <div class="ant-drawer-wrapper-body">
          <div class="ant-drawer-header">
            <div class="ant-drawer-header-title">
              <!---->
              <div class="ant-drawer-title">Basic Drawer</div>
            </div>
            <!---->
          </div>
          <div class="ant-drawer-body">
            <p>Some contents...</p>
          </div>
          <!---->
        </div>
      </div>
      <!---->
    </div>
  </div>
</div>
`;

exports[`renders ./components/drawer/demo/size.vue correctly 1`] = `
<button style="margin-right: 8px;" class="ant-btn ant-btn-primary" type="button">
  <!----><span>Open Default Size (378px)</span>
</button>
<button class="ant-btn ant-btn-primary" type="button">
  <!----><span>Open Large Size (736px)</span>
</button>
`;

exports[`renders ./components/drawer/demo/user-profile.vue correctly 1`] = `
<div class="ant-list ant-list-split ant-list-bordered">
  <!---->
  <!---->
  <div class="ant-spin-nested-loading">
    <!---->
    <div class="ant-spin-container">
      <ul class="ant-list-items">
        <li class="ant-list-item">
          <div class="ant-list-item-meta">
            <div class="ant-list-item-meta-avatar"><span class="ant-avatar ant-avatar-circle ant-avatar-image"><img src="https://gw.alipayobjects.com/zos/rmsportal/BiazfanxmamNRoxxVxka.png"></span></div>
            <div class="ant-list-item-meta-content">
              <h4 class="ant-list-item-meta-title"><a href="https://www.antdv.com/">Lily</a></h4>
              <div class="ant-list-item-meta-description">Progresser XTech</div>
            </div>
          </div>
          <ul class="ant-list-item-action">
            <li><a>View Profile</a>
              <!---->
            </li>
          </ul>
          <!---->
        </li>
        <li class="ant-list-item">
          <div class="ant-list-item-meta">
            <div class="ant-list-item-meta-avatar"><span class="ant-avatar ant-avatar-circle ant-avatar-image"><img src="https://gw.alipayobjects.com/zos/rmsportal/BiazfanxmamNRoxxVxka.png"></span></div>
            <div class="ant-list-item-meta-content">
              <h4 class="ant-list-item-meta-title"><a href="https://www.antdv.com/">Lily</a></h4>
              <div class="ant-list-item-meta-description">Progresser XTech</div>
            </div>
          </div>
          <ul class="ant-list-item-action">
            <li><a>View Profile</a>
              <!---->
            </li>
          </ul>
          <!---->
        </li>
      </ul>
    </div>
  </div>
  <!---->
  <!---->
</div>
`;
