// Jest Snapshot v1, https://goo.gl/fbAQLP

exports[`Drawer class is test_drawer 1`] = `
<div tabindex="-1" class="ant-drawer ant-drawer-right ant-drawer-inline ">
  <div class="ant-drawer-mask ant-drawer-mask-motion-enter ant-drawer-mask-motion-enter-prepare ant-drawer-mask-motion-enter-start" style="display: none;"></div>
  <div class="ant-drawer-content-wrapper ant-drawer-panel-motion-right-enter ant-drawer-panel-motion-right-enter-prepare ant-drawer-panel-motion-right-enter-start" style="width: 378px; display: none;">
    <div class="ant-drawer-content test_drawer">
      <div class="ant-drawer-wrapper-body">
        <div class="ant-drawer-header ant-drawer-header-close-only">
          <div class="ant-drawer-header-title"><button aria-label="Close" class="ant-drawer-close"><span role="img" aria-label="close" class="anticon anticon-close"><svg focusable="false" class="" data-icon="close" width="1em" height="1em" fill="currentColor" aria-hidden="true" viewBox="64 64 896 896"><path d="M563.8 512l262.5-312.9c4.4-5.2.7-13.1-6.1-13.1h-79.8c-4.7 0-9.2 2.1-12.3 5.7L511.6 449.8 295.1 191.7c-3-3.6-7.5-5.7-12.3-5.7H203c-6.8 0-10.5 7.9-6.1 13.1L459.4 512 196.9 824.9A7.95 7.95 0 00203 838h79.8c4.7 0 9.2-2.1 12.3-5.7l216.5-258.1 216.5 258.1c3 3.6 7.5 5.7 12.3 5.7h79.8c6.8 0 10.5-7.9 6.1-13.1L563.8 512z"></path></svg></span></button>
            <!---->
          </div>
          <!---->
        </div>
        <div class="ant-drawer-body">Here is content of Drawer</div>
        <!---->
      </div>
    </div>
    <!---->
  </div>
</div>
`;

exports[`Drawer closable is false 1`] = `
<div tabindex="-1" class="ant-drawer ant-drawer-right ant-drawer-inline ">
  <div class="ant-drawer-mask ant-drawer-mask-motion-enter ant-drawer-mask-motion-enter-prepare ant-drawer-mask-motion-enter-start" style="display: none;"></div>
  <div class="ant-drawer-content-wrapper ant-drawer-panel-motion-right-enter ant-drawer-panel-motion-right-enter-prepare ant-drawer-panel-motion-right-enter-start" style="width: 378px; display: none;">
    <div class="ant-drawer-content">
      <div class="ant-drawer-wrapper-body">
        <!---->
        <div class="ant-drawer-body">Here is content of Drawer</div>
        <!---->
      </div>
    </div>
    <!---->
  </div>
</div>
`;

exports[`Drawer destroyOnClose is true 1`] = `
<div tabindex="-1" class="ant-drawer ant-drawer-right ant-drawer-inline ">
  <div class="ant-drawer-mask ant-drawer-mask-motion-enter ant-drawer-mask-motion-enter-prepare ant-drawer-mask-motion-enter-start" style="display: none;"></div>
  <div class="ant-drawer-content-wrapper ant-drawer-panel-motion-right-enter ant-drawer-panel-motion-right-enter-prepare ant-drawer-panel-motion-right-enter-start" style="width: 378px; display: none;">
    <div class="ant-drawer-content">
      <div class="ant-drawer-wrapper-body">
        <!---->
        <div class="ant-drawer-body">Here is content of Drawer</div>
        <!---->
      </div>
    </div>
    <!---->
  </div>
</div>
`;

exports[`Drawer have a title 1`] = `
<div tabindex="-1" class="ant-drawer ant-drawer-right ant-drawer-inline ">
  <div class="ant-drawer-mask ant-drawer-mask-motion-enter ant-drawer-mask-motion-enter-prepare ant-drawer-mask-motion-enter-start" style="display: none;"></div>
  <div class="ant-drawer-content-wrapper ant-drawer-panel-motion-right-enter ant-drawer-panel-motion-right-enter-prepare ant-drawer-panel-motion-right-enter-start" style="width: 378px; display: none;">
    <div class="ant-drawer-content">
      <div class="ant-drawer-wrapper-body">
        <div class="ant-drawer-header">
          <div class="ant-drawer-header-title"><button aria-label="Close" class="ant-drawer-close"><span role="img" aria-label="close" class="anticon anticon-close"><svg focusable="false" class="" data-icon="close" width="1em" height="1em" fill="currentColor" aria-hidden="true" viewBox="64 64 896 896"><path d="M563.8 512l262.5-312.9c4.4-5.2.7-13.1-6.1-13.1h-79.8c-4.7 0-9.2 2.1-12.3 5.7L511.6 449.8 295.1 191.7c-3-3.6-7.5-5.7-12.3-5.7H203c-6.8 0-10.5 7.9-6.1 13.1L459.4 512 196.9 824.9A7.95 7.95 0 00203 838h79.8c4.7 0 9.2-2.1 12.3-5.7l216.5-258.1 216.5 258.1c3 3.6 7.5 5.7 12.3 5.7h79.8c6.8 0 10.5-7.9 6.1-13.1L563.8 512z"></path></svg></span></button>
            <div class="ant-drawer-title">Test Title</div>
          </div>
          <!---->
        </div>
        <div class="ant-drawer-body">Here is content of Drawer</div>
        <!---->
      </div>
    </div>
    <!---->
  </div>
</div>
`;

exports[`Drawer render correctly 1`] = `
<div tabindex="-1" class="ant-drawer ant-drawer-right ant-drawer-inline ">
  <div class="ant-drawer-mask ant-drawer-mask-motion-enter ant-drawer-mask-motion-enter-prepare ant-drawer-mask-motion-enter-start" style="display: none;"></div>
  <div class="ant-drawer-content-wrapper ant-drawer-panel-motion-right-enter ant-drawer-panel-motion-right-enter-prepare ant-drawer-panel-motion-right-enter-start" style="width: 400px; display: none;">
    <div class="ant-drawer-content">
      <div class="ant-drawer-wrapper-body">
        <div class="ant-drawer-header ant-drawer-header-close-only">
          <div class="ant-drawer-header-title"><button aria-label="Close" class="ant-drawer-close"><span role="img" aria-label="close" class="anticon anticon-close"><svg focusable="false" class="" data-icon="close" width="1em" height="1em" fill="currentColor" aria-hidden="true" viewBox="64 64 896 896"><path d="M563.8 512l262.5-312.9c4.4-5.2.7-13.1-6.1-13.1h-79.8c-4.7 0-9.2 2.1-12.3 5.7L511.6 449.8 295.1 191.7c-3-3.6-7.5-5.7-12.3-5.7H203c-6.8 0-10.5 7.9-6.1 13.1L459.4 512 196.9 824.9A7.95 7.95 0 00203 838h79.8c4.7 0 9.2-2.1 12.3-5.7l216.5-258.1 216.5 258.1c3 3.6 7.5 5.7 12.3 5.7h79.8c6.8 0 10.5-7.9 6.1-13.1L563.8 512z"></path></svg></span></button>
            <!---->
          </div>
          <!---->
        </div>
        <div class="ant-drawer-body">Here is content of Drawer</div>
        <!---->
      </div>
    </div>
    <!---->
  </div>
</div>
`;

exports[`Drawer render top drawer 1`] = `
<div tabindex="-1" class="ant-drawer ant-drawer-top ant-drawer-inline ">
  <div class="ant-drawer-mask ant-drawer-mask-motion-enter ant-drawer-mask-motion-enter-prepare ant-drawer-mask-motion-enter-start" style="display: none;"></div>
  <div class="ant-drawer-content-wrapper ant-drawer-panel-motion-top-enter ant-drawer-panel-motion-top-enter-prepare ant-drawer-panel-motion-top-enter-start" style="height: 400px; display: none;">
    <div class="ant-drawer-content">
      <div class="ant-drawer-wrapper-body">
        <div class="ant-drawer-header ant-drawer-header-close-only">
          <div class="ant-drawer-header-title"><button aria-label="Close" class="ant-drawer-close"><span role="img" aria-label="close" class="anticon anticon-close"><svg focusable="false" class="" data-icon="close" width="1em" height="1em" fill="currentColor" aria-hidden="true" viewBox="64 64 896 896"><path d="M563.8 512l262.5-312.9c4.4-5.2.7-13.1-6.1-13.1h-79.8c-4.7 0-9.2 2.1-12.3 5.7L511.6 449.8 295.1 191.7c-3-3.6-7.5-5.7-12.3-5.7H203c-6.8 0-10.5 7.9-6.1 13.1L459.4 512 196.9 824.9A7.95 7.95 0 00203 838h79.8c4.7 0 9.2-2.1 12.3-5.7l216.5-258.1 216.5 258.1c3 3.6 7.5 5.7 12.3 5.7h79.8c6.8 0 10.5-7.9 6.1-13.1L563.8 512z"></path></svg></span></button>
            <!---->
          </div>
          <!---->
        </div>
        <div class="ant-drawer-body">Here is content of Drawer</div>
        <!---->
      </div>
    </div>
    <!---->
  </div>
</div>
`;
