// Jest Snapshot v1, https://goo.gl/fbAQLP

exports[`Comment Comment can be used as editor, user can customize the editor component. 1`] = `
<div>
  <div class="ant-list ant-list-split">
    <!---->
    <div class="ant-list-header">1 reply</div>
    <div class="ant-spin-nested-loading">
      <!---->
      <div class="ant-spin-container">
        <ul class="ant-list-items">
          <li class="ant-list-item">
            <div class="ant-comment">
              <div class="ant-comment-inner">
                <div class="ant-comment-avatar"><img src="https://zos.alipayobjects.com/rmsportal/ODTLcjxAfvqbxHnVXCYX.png" alt="comment-avatar"></div>
                <div class="ant-comment-content">
                  <div class="ant-comment-content-author"><span class="ant-comment-content-author-name">Han Solo</span><span class="ant-comment-content-author-time">a few seconds ago</span></div>
                  <div class="ant-comment-content-detail">222</div>
                  <!---->
                </div>
              </div>
              <!---->
            </div>
            <!---->
            <!---->
          </li>
        </ul>
      </div>
    </div>
    <!---->
    <!---->
  </div>
  <div class="ant-comment">
    <div class="ant-comment-inner">
      <div class="ant-comment-avatar">
        <!---->
      </div>
      <div class="ant-comment-content">
        <div class="ant-comment-content-author">
          <!---->
          <!---->
        </div>
        <div class="ant-comment-content-detail">
          <div>
            <div class="ant-row ant-form-item">
              <!---->
              <div class="ant-col ant-form-item-control">
                <div class="ant-form-item-control-input">
                  <div class="ant-form-item-control-input-content"><textarea rows="4" class="ant-input"></textarea></div>
                </div>
                <!---->
                <!---->
              </div>
            </div>
            <div class="ant-row ant-form-item">
              <!---->
              <div class="ant-col ant-form-item-control">
                <div class="ant-form-item-control-input">
                  <div class="ant-form-item-control-input-content"><button class="ant-btn ant-btn-primary" type="submit" ant-click-animating-without-extra-node="false">
                      <!----><span>Add Comment</span>
                    </button></div>
                </div>
                <!---->
                <!---->
              </div>
            </div>
          </div>
        </div>
        <!---->
      </div>
    </div>
    <!---->
  </div>
</div>
`;
