// Jest Snapshot v1, https://goo.gl/fbAQLP

exports[`renders ./components/time-picker/demo/12hours.vue correctly 1`] = `
<div class="ant-space ant-space-vertical">
  <div class="ant-space-item" style="margin-bottom: 8px;">
    <div class="ant-picker">
      <div class="ant-picker-input"><input readonly="" placeholder="Select time" title="" size="12" autocomplete="off"><span class="ant-picker-suffix"><span role="img" aria-label="clock-circle" class="anticon anticon-clock-circle"><svg focusable="false" class="" data-icon="clock-circle" width="1em" height="1em" fill="currentColor" aria-hidden="true" viewBox="64 64 896 896"><path d="M512 64C264.6 64 64 264.6 64 512s200.6 448 448 448 448-200.6 448-448S759.4 64 512 64zm0 820c-205.4 0-372-166.6-372-372s166.6-372 372-372 372 166.6 372 372-166.6 372-372 372z"></path><path d="M686.7 638.6L544.1 535.5V288c0-4.4-3.6-8-8-8H488c-4.4 0-8 3.6-8 8v275.4c0 2.6 1.2 5 3.3 6.5l165.4 120.6c3.6 2.6 8.6 1.8 11.2-1.7l28.6-39c2.6-3.7 1.8-8.7-1.8-11.2z"></path></svg></span></span>
        <!---->
      </div>
      <!---->
    </div>
  </div>
  <!---->
  <div class="ant-space-item" style="margin-bottom: 8px;">
    <div class="ant-picker" style="width: 140px;">
      <div class="ant-picker-input"><input readonly="" placeholder="Select time" title="" size="11" autocomplete="off"><span class="ant-picker-suffix"><span role="img" aria-label="clock-circle" class="anticon anticon-clock-circle"><svg focusable="false" class="" data-icon="clock-circle" width="1em" height="1em" fill="currentColor" aria-hidden="true" viewBox="64 64 896 896"><path d="M512 64C264.6 64 64 264.6 64 512s200.6 448 448 448 448-200.6 448-448S759.4 64 512 64zm0 820c-205.4 0-372-166.6-372-372s166.6-372 372-372 372 166.6 372 372-166.6 372-372 372z"></path><path d="M686.7 638.6L544.1 535.5V288c0-4.4-3.6-8-8-8H488c-4.4 0-8 3.6-8 8v275.4c0 2.6 1.2 5 3.3 6.5l165.4 120.6c3.6 2.6 8.6 1.8 11.2-1.7l28.6-39c2.6-3.7 1.8-8.7-1.8-11.2z"></path></svg></span></span>
        <!---->
      </div>
      <!---->
    </div>
  </div>
  <!---->
  <div class="ant-space-item">
    <div class="ant-picker">
      <div class="ant-picker-input"><input readonly="" placeholder="Select time" title="" size="10" autocomplete="off"><span class="ant-picker-suffix"><span role="img" aria-label="clock-circle" class="anticon anticon-clock-circle"><svg focusable="false" class="" data-icon="clock-circle" width="1em" height="1em" fill="currentColor" aria-hidden="true" viewBox="64 64 896 896"><path d="M512 64C264.6 64 64 264.6 64 512s200.6 448 448 448 448-200.6 448-448S759.4 64 512 64zm0 820c-205.4 0-372-166.6-372-372s166.6-372 372-372 372 166.6 372 372-166.6 372-372 372z"></path><path d="M686.7 638.6L544.1 535.5V288c0-4.4-3.6-8-8-8H488c-4.4 0-8 3.6-8 8v275.4c0 2.6 1.2 5 3.3 6.5l165.4 120.6c3.6 2.6 8.6 1.8 11.2-1.7l28.6-39c2.6-3.7 1.8-8.7-1.8-11.2z"></path></svg></span></span>
        <!---->
      </div>
      <!---->
    </div>
  </div>
  <!---->
</div>
`;

exports[`renders ./components/time-picker/demo/addon.vue correctly 1`] = `
<div class="ant-space ant-space-vertical">
  <div class="ant-space-item" style="margin-bottom: 8px;">
    <div class="ant-picker">
      <div class="ant-picker-input"><input readonly="" placeholder="Select time" title="" size="10" autocomplete="off"><span class="ant-picker-suffix"><span role="img" aria-label="clock-circle" class="anticon anticon-clock-circle"><svg focusable="false" class="" data-icon="clock-circle" width="1em" height="1em" fill="currentColor" aria-hidden="true" viewBox="64 64 896 896"><path d="M512 64C264.6 64 64 264.6 64 512s200.6 448 448 448 448-200.6 448-448S759.4 64 512 64zm0 820c-205.4 0-372-166.6-372-372s166.6-372 372-372 372 166.6 372 372-166.6 372-372 372z"></path><path d="M686.7 638.6L544.1 535.5V288c0-4.4-3.6-8-8-8H488c-4.4 0-8 3.6-8 8v275.4c0 2.6 1.2 5 3.3 6.5l165.4 120.6c3.6 2.6 8.6 1.8 11.2-1.7l28.6-39c2.6-3.7 1.8-8.7-1.8-11.2z"></path></svg></span></span>
        <!---->
      </div>
      <!---->
    </div>
  </div>
  <!---->
  <div class="ant-space-item">
    <div class="ant-picker">
      <div class="ant-picker-input"><input readonly="" placeholder="Select time" title="" size="10" autocomplete="off"><span class="ant-picker-suffix"><span role="img" aria-label="clock-circle" class="anticon anticon-clock-circle"><svg focusable="false" class="" data-icon="clock-circle" width="1em" height="1em" fill="currentColor" aria-hidden="true" viewBox="64 64 896 896"><path d="M512 64C264.6 64 64 264.6 64 512s200.6 448 448 448 448-200.6 448-448S759.4 64 512 64zm0 820c-205.4 0-372-166.6-372-372s166.6-372 372-372 372 166.6 372 372-166.6 372-372 372z"></path><path d="M686.7 638.6L544.1 535.5V288c0-4.4-3.6-8-8-8H488c-4.4 0-8 3.6-8 8v275.4c0 2.6 1.2 5 3.3 6.5l165.4 120.6c3.6 2.6 8.6 1.8 11.2-1.7l28.6-39c2.6-3.7 1.8-8.7-1.8-11.2z"></path></svg></span></span>
        <!---->
      </div>
      <!---->
    </div>
  </div>
  <!---->
</div>
`;

exports[`renders ./components/time-picker/demo/basic.vue correctly 1`] = `
<div class="ant-space ant-space-vertical">
  <div class="ant-space-item" style="margin-bottom: 8px;">
    <div class="ant-picker">
      <div class="ant-picker-input"><input readonly="" placeholder="Select time" title="08:00:00" size="10" autocomplete="off"><span class="ant-picker-suffix"><span role="img" aria-label="clock-circle" class="anticon anticon-clock-circle"><svg focusable="false" class="" data-icon="clock-circle" width="1em" height="1em" fill="currentColor" aria-hidden="true" viewBox="64 64 896 896"><path d="M512 64C264.6 64 64 264.6 64 512s200.6 448 448 448 448-200.6 448-448S759.4 64 512 64zm0 820c-205.4 0-372-166.6-372-372s166.6-372 372-372 372 166.6 372 372-166.6 372-372 372z"></path><path d="M686.7 638.6L544.1 535.5V288c0-4.4-3.6-8-8-8H488c-4.4 0-8 3.6-8 8v275.4c0 2.6 1.2 5 3.3 6.5l165.4 120.6c3.6 2.6 8.6 1.8 11.2-1.7l28.6-39c2.6-3.7 1.8-8.7-1.8-11.2z"></path></svg></span></span><span class="ant-picker-clear" role="button"><span role="img" aria-label="close-circle" class="anticon anticon-close-circle"><svg focusable="false" class="" data-icon="close-circle" width="1em" height="1em" fill="currentColor" aria-hidden="true" viewBox="64 64 896 896"><path d="M512 64C264.6 64 64 264.6 64 512s200.6 448 448 448 448-200.6 448-448S759.4 64 512 64zm165.4 618.2l-66-.3L512 563.4l-99.3 118.4-66.1.3c-4.4 0-8-3.5-8-8 0-1.9.7-3.7 1.9-5.2l130.1-155L340.5 359a8.32 8.32 0 01-1.9-5.2c0-4.4 3.6-8 8-8l66.1.3L512 464.6l99.3-118.4 66-.3c4.4 0 8 3.5 8 8 0 1.9-.7 3.7-1.9 5.2L553.5 514l130 155c1.2 1.5 1.9 3.3 1.9 5.2 0 4.4-3.6 8-8 8z"></path></svg></span></span></div>
      <!---->
    </div>
  </div>
  <!---->
  <div class="ant-space-item">
    <div class="ant-picker">
      <div class="ant-picker-input"><input readonly="" placeholder="Select time" title="09:00:00" size="10" autocomplete="off"><span class="ant-picker-suffix"><span role="img" aria-label="clock-circle" class="anticon anticon-clock-circle"><svg focusable="false" class="" data-icon="clock-circle" width="1em" height="1em" fill="currentColor" aria-hidden="true" viewBox="64 64 896 896"><path d="M512 64C264.6 64 64 264.6 64 512s200.6 448 448 448 448-200.6 448-448S759.4 64 512 64zm0 820c-205.4 0-372-166.6-372-372s166.6-372 372-372 372 166.6 372 372-166.6 372-372 372z"></path><path d="M686.7 638.6L544.1 535.5V288c0-4.4-3.6-8-8-8H488c-4.4 0-8 3.6-8 8v275.4c0 2.6 1.2 5 3.3 6.5l165.4 120.6c3.6 2.6 8.6 1.8 11.2-1.7l28.6-39c2.6-3.7 1.8-8.7-1.8-11.2z"></path></svg></span></span><span class="ant-picker-clear" role="button"><span role="img" aria-label="close-circle" class="anticon anticon-close-circle"><svg focusable="false" class="" data-icon="close-circle" width="1em" height="1em" fill="currentColor" aria-hidden="true" viewBox="64 64 896 896"><path d="M512 64C264.6 64 64 264.6 64 512s200.6 448 448 448 448-200.6 448-448S759.4 64 512 64zm165.4 618.2l-66-.3L512 563.4l-99.3 118.4-66.1.3c-4.4 0-8-3.5-8-8 0-1.9.7-3.7 1.9-5.2l130.1-155L340.5 359a8.32 8.32 0 01-1.9-5.2c0-4.4 3.6-8 8-8l66.1.3L512 464.6l99.3-118.4 66-.3c4.4 0 8 3.5 8 8 0 1.9-.7 3.7-1.9 5.2L553.5 514l130 155c1.2 1.5 1.9 3.3 1.9 5.2 0 4.4-3.6 8-8 8z"></path></svg></span></span></div>
      <!---->
    </div>
  </div>
  <!---->
</div>
`;

exports[`renders ./components/time-picker/demo/bordered.vue correctly 1`] = `
<div class="ant-space ant-space-vertical">
  <div class="ant-space-item" style="margin-bottom: 8px;">
    <div class="ant-picker ant-picker-borderless">
      <div class="ant-picker-input"><input readonly="" placeholder="Select time" title="" size="10" autocomplete="off"><span class="ant-picker-suffix"><span role="img" aria-label="clock-circle" class="anticon anticon-clock-circle"><svg focusable="false" class="" data-icon="clock-circle" width="1em" height="1em" fill="currentColor" aria-hidden="true" viewBox="64 64 896 896"><path d="M512 64C264.6 64 64 264.6 64 512s200.6 448 448 448 448-200.6 448-448S759.4 64 512 64zm0 820c-205.4 0-372-166.6-372-372s166.6-372 372-372 372 166.6 372 372-166.6 372-372 372z"></path><path d="M686.7 638.6L544.1 535.5V288c0-4.4-3.6-8-8-8H488c-4.4 0-8 3.6-8 8v275.4c0 2.6 1.2 5 3.3 6.5l165.4 120.6c3.6 2.6 8.6 1.8 11.2-1.7l28.6-39c2.6-3.7 1.8-8.7-1.8-11.2z"></path></svg></span></span>
        <!---->
      </div>
      <!---->
    </div>
  </div>
  <!---->
  <div class="ant-space-item">
    <div class="ant-picker ant-picker-range ant-picker-borderless">
      <div class="ant-picker-input ant-picker-input-active"><input readonly="" placeholder="Start time" size="10" autocomplete="off"></div>
      <div class="ant-picker-range-separator"><span aria-label="to" class="ant-picker-separator"><span role="img" aria-label="swap-right" class="anticon anticon-swap-right"><svg focusable="false" class="" data-icon="swap-right" width="1em" height="1em" fill="currentColor" aria-hidden="true" viewBox="0 0 1024 1024"><path d="M873.1 596.2l-164-208A32 32 0 00684 376h-64.8c-6.7 0-10.4 7.7-6.3 13l144.3 183H152c-4.4 0-8 3.6-8 8v60c0 4.4 3.6 8 8 8h695.9c26.8 0 41.7-30.8 25.2-51.8z"></path></svg></span></span></div>
      <div class="ant-picker-input"><input readonly="" placeholder="End time" size="10" autocomplete="off"></div>
      <div class="ant-picker-active-bar" style="left: 0px; width: 0px; position: absolute;"></div><span class="ant-picker-suffix"><span role="img" aria-label="clock-circle" class="anticon anticon-clock-circle"><svg focusable="false" class="" data-icon="clock-circle" width="1em" height="1em" fill="currentColor" aria-hidden="true" viewBox="64 64 896 896"><path d="M512 64C264.6 64 64 264.6 64 512s200.6 448 448 448 448-200.6 448-448S759.4 64 512 64zm0 820c-205.4 0-372-166.6-372-372s166.6-372 372-372 372 166.6 372 372-166.6 372-372 372z"></path><path d="M686.7 638.6L544.1 535.5V288c0-4.4-3.6-8-8-8H488c-4.4 0-8 3.6-8 8v275.4c0 2.6 1.2 5 3.3 6.5l165.4 120.6c3.6 2.6 8.6 1.8 11.2-1.7l28.6-39c2.6-3.7 1.8-8.7-1.8-11.2z"></path></svg></span></span>
      <!---->
      <!---->
    </div>
  </div>
  <!---->
</div>
`;

exports[`renders ./components/time-picker/demo/disabled.vue correctly 1`] = `
<div class="ant-picker ant-picker-disabled">
  <div class="ant-picker-input"><input disabled="" readonly="" placeholder="Select time" title="12:08:23" size="10" autocomplete="off"><span class="ant-picker-suffix"><span role="img" aria-label="clock-circle" class="anticon anticon-clock-circle"><svg focusable="false" class="" data-icon="clock-circle" width="1em" height="1em" fill="currentColor" aria-hidden="true" viewBox="64 64 896 896"><path d="M512 64C264.6 64 64 264.6 64 512s200.6 448 448 448 448-200.6 448-448S759.4 64 512 64zm0 820c-205.4 0-372-166.6-372-372s166.6-372 372-372 372 166.6 372 372-166.6 372-372 372z"></path><path d="M686.7 638.6L544.1 535.5V288c0-4.4-3.6-8-8-8H488c-4.4 0-8 3.6-8 8v275.4c0 2.6 1.2 5 3.3 6.5l165.4 120.6c3.6 2.6 8.6 1.8 11.2-1.7l28.6-39c2.6-3.7 1.8-8.7-1.8-11.2z"></path></svg></span></span>
    <!---->
  </div>
  <!---->
</div>
`;

exports[`renders ./components/time-picker/demo/hide-column.vue correctly 1`] = `
<div class="ant-picker">
  <div class="ant-picker-input"><input readonly="" placeholder="Select time" title="12:08" size="10" autocomplete="off"><span class="ant-picker-suffix"><span role="img" aria-label="clock-circle" class="anticon anticon-clock-circle"><svg focusable="false" class="" data-icon="clock-circle" width="1em" height="1em" fill="currentColor" aria-hidden="true" viewBox="64 64 896 896"><path d="M512 64C264.6 64 64 264.6 64 512s200.6 448 448 448 448-200.6 448-448S759.4 64 512 64zm0 820c-205.4 0-372-166.6-372-372s166.6-372 372-372 372 166.6 372 372-166.6 372-372 372z"></path><path d="M686.7 638.6L544.1 535.5V288c0-4.4-3.6-8-8-8H488c-4.4 0-8 3.6-8 8v275.4c0 2.6 1.2 5 3.3 6.5l165.4 120.6c3.6 2.6 8.6 1.8 11.2-1.7l28.6-39c2.6-3.7 1.8-8.7-1.8-11.2z"></path></svg></span></span><span class="ant-picker-clear" role="button"><span role="img" aria-label="close-circle" class="anticon anticon-close-circle"><svg focusable="false" class="" data-icon="close-circle" width="1em" height="1em" fill="currentColor" aria-hidden="true" viewBox="64 64 896 896"><path d="M512 64C264.6 64 64 264.6 64 512s200.6 448 448 448 448-200.6 448-448S759.4 64 512 64zm165.4 618.2l-66-.3L512 563.4l-99.3 118.4-66.1.3c-4.4 0-8-3.5-8-8 0-1.9.7-3.7 1.9-5.2l130.1-155L340.5 359a8.32 8.32 0 01-1.9-5.2c0-4.4 3.6-8 8-8l66.1.3L512 464.6l99.3-118.4 66-.3c4.4 0 8 3.5 8 8 0 1.9-.7 3.7-1.9 5.2L553.5 514l130 155c1.2 1.5 1.9 3.3 1.9 5.2 0 4.4-3.6 8-8 8z"></path></svg></span></span></div>
  <!---->
</div>
`;

exports[`renders ./components/time-picker/demo/interval-options.vue correctly 1`] = `
<div class="ant-picker">
  <div class="ant-picker-input"><input readonly="" placeholder="Select time" title="" size="10" autocomplete="off"><span class="ant-picker-suffix"><span role="img" aria-label="clock-circle" class="anticon anticon-clock-circle"><svg focusable="false" class="" data-icon="clock-circle" width="1em" height="1em" fill="currentColor" aria-hidden="true" viewBox="64 64 896 896"><path d="M512 64C264.6 64 64 264.6 64 512s200.6 448 448 448 448-200.6 448-448S759.4 64 512 64zm0 820c-205.4 0-372-166.6-372-372s166.6-372 372-372 372 166.6 372 372-166.6 372-372 372z"></path><path d="M686.7 638.6L544.1 535.5V288c0-4.4-3.6-8-8-8H488c-4.4 0-8 3.6-8 8v275.4c0 2.6 1.2 5 3.3 6.5l165.4 120.6c3.6 2.6 8.6 1.8 11.2-1.7l28.6-39c2.6-3.7 1.8-8.7-1.8-11.2z"></path></svg></span></span>
    <!---->
  </div>
  <!---->
</div>
`;

exports[`renders ./components/time-picker/demo/placement.vue correctly 1`] = `
<div class="ant-radio-group ant-radio-group-outline"><label class="ant-radio-button-wrapper ant-radio-button-wrapper-checked"><span class="ant-radio-button ant-radio-button-checked"><input type="radio" class="ant-radio-button-input" value="topLeft"><span class="ant-radio-button-inner"></span></span><span>topLeft</span></label><label class="ant-radio-button-wrapper"><span class="ant-radio-button"><input type="radio" class="ant-radio-button-input" value="topRight"><span class="ant-radio-button-inner"></span></span><span>topRight</span></label><label class="ant-radio-button-wrapper"><span class="ant-radio-button"><input type="radio" class="ant-radio-button-input" value="bottomLeft"><span class="ant-radio-button-inner"></span></span><span>bottomLeft</span></label><label class="ant-radio-button-wrapper"><span class="ant-radio-button"><input type="radio" class="ant-radio-button-input" value="bottomRight"><span class="ant-radio-button-inner"></span></span><span>bottomRight</span></label></div>
<br>
<br>
<div class="ant-space ant-space-vertical">
  <div class="ant-space-item" style="margin-bottom: 12px;">
    <div class="ant-picker">
      <div class="ant-picker-input"><input readonly="" placeholder="Select time" title="" size="10" autocomplete="off"><span class="ant-picker-suffix"><span role="img" aria-label="clock-circle" class="anticon anticon-clock-circle"><svg focusable="false" class="" data-icon="clock-circle" width="1em" height="1em" fill="currentColor" aria-hidden="true" viewBox="64 64 896 896"><path d="M512 64C264.6 64 64 264.6 64 512s200.6 448 448 448 448-200.6 448-448S759.4 64 512 64zm0 820c-205.4 0-372-166.6-372-372s166.6-372 372-372 372 166.6 372 372-166.6 372-372 372z"></path><path d="M686.7 638.6L544.1 535.5V288c0-4.4-3.6-8-8-8H488c-4.4 0-8 3.6-8 8v275.4c0 2.6 1.2 5 3.3 6.5l165.4 120.6c3.6 2.6 8.6 1.8 11.2-1.7l28.6-39c2.6-3.7 1.8-8.7-1.8-11.2z"></path></svg></span></span>
        <!---->
      </div>
      <!---->
    </div>
  </div>
  <!---->
  <div class="ant-space-item">
    <div class="ant-picker ant-picker-range">
      <div class="ant-picker-input ant-picker-input-active"><input readonly="" placeholder="Start time" size="10" autocomplete="off"></div>
      <div class="ant-picker-range-separator"><span aria-label="to" class="ant-picker-separator"><span role="img" aria-label="swap-right" class="anticon anticon-swap-right"><svg focusable="false" class="" data-icon="swap-right" width="1em" height="1em" fill="currentColor" aria-hidden="true" viewBox="0 0 1024 1024"><path d="M873.1 596.2l-164-208A32 32 0 00684 376h-64.8c-6.7 0-10.4 7.7-6.3 13l144.3 183H152c-4.4 0-8 3.6-8 8v60c0 4.4 3.6 8 8 8h695.9c26.8 0 41.7-30.8 25.2-51.8z"></path></svg></span></span></div>
      <div class="ant-picker-input"><input readonly="" placeholder="End time" size="10" autocomplete="off"></div>
      <div class="ant-picker-active-bar" style="left: 0px; width: 0px; position: absolute;"></div><span class="ant-picker-suffix"><span role="img" aria-label="clock-circle" class="anticon anticon-clock-circle"><svg focusable="false" class="" data-icon="clock-circle" width="1em" height="1em" fill="currentColor" aria-hidden="true" viewBox="64 64 896 896"><path d="M512 64C264.6 64 64 264.6 64 512s200.6 448 448 448 448-200.6 448-448S759.4 64 512 64zm0 820c-205.4 0-372-166.6-372-372s166.6-372 372-372 372 166.6 372 372-166.6 372-372 372z"></path><path d="M686.7 638.6L544.1 535.5V288c0-4.4-3.6-8-8-8H488c-4.4 0-8 3.6-8 8v275.4c0 2.6 1.2 5 3.3 6.5l165.4 120.6c3.6 2.6 8.6 1.8 11.2-1.7l28.6-39c2.6-3.7 1.8-8.7-1.8-11.2z"></path></svg></span></span>
      <!---->
      <!---->
    </div>
  </div>
  <!---->
</div>
`;

exports[`renders ./components/time-picker/demo/range-picker.vue correctly 1`] = `
<div class="ant-picker ant-picker-range">
  <div class="ant-picker-input ant-picker-input-active"><input readonly="" placeholder="Start time" size="10" autocomplete="off"></div>
  <div class="ant-picker-range-separator"><span aria-label="to" class="ant-picker-separator"><span role="img" aria-label="swap-right" class="anticon anticon-swap-right"><svg focusable="false" class="" data-icon="swap-right" width="1em" height="1em" fill="currentColor" aria-hidden="true" viewBox="0 0 1024 1024"><path d="M873.1 596.2l-164-208A32 32 0 00684 376h-64.8c-6.7 0-10.4 7.7-6.3 13l144.3 183H152c-4.4 0-8 3.6-8 8v60c0 4.4 3.6 8 8 8h695.9c26.8 0 41.7-30.8 25.2-51.8z"></path></svg></span></span></div>
  <div class="ant-picker-input"><input readonly="" placeholder="End time" size="10" autocomplete="off"></div>
  <div class="ant-picker-active-bar" style="left: 0px; width: 0px; position: absolute;"></div><span class="ant-picker-suffix"><span role="img" aria-label="clock-circle" class="anticon anticon-clock-circle"><svg focusable="false" class="" data-icon="clock-circle" width="1em" height="1em" fill="currentColor" aria-hidden="true" viewBox="64 64 896 896"><path d="M512 64C264.6 64 64 264.6 64 512s200.6 448 448 448 448-200.6 448-448S759.4 64 512 64zm0 820c-205.4 0-372-166.6-372-372s166.6-372 372-372 372 166.6 372 372-166.6 372-372 372z"></path><path d="M686.7 638.6L544.1 535.5V288c0-4.4-3.6-8-8-8H488c-4.4 0-8 3.6-8 8v275.4c0 2.6 1.2 5 3.3 6.5l165.4 120.6c3.6 2.6 8.6 1.8 11.2-1.7l28.6-39c2.6-3.7 1.8-8.7-1.8-11.2z"></path></svg></span></span>
  <!---->
  <!---->
</div>
`;

exports[`renders ./components/time-picker/demo/size.vue correctly 1`] = `
<div class="ant-space ant-space-vertical">
  <div class="ant-space-item" style="margin-bottom: 8px;">
    <div class="ant-picker ant-picker-large">
      <div class="ant-picker-input"><input readonly="" placeholder="Select time" title="12:08:00" size="10" autocomplete="off"><span class="ant-picker-suffix"><span role="img" aria-label="clock-circle" class="anticon anticon-clock-circle"><svg focusable="false" class="" data-icon="clock-circle" width="1em" height="1em" fill="currentColor" aria-hidden="true" viewBox="64 64 896 896"><path d="M512 64C264.6 64 64 264.6 64 512s200.6 448 448 448 448-200.6 448-448S759.4 64 512 64zm0 820c-205.4 0-372-166.6-372-372s166.6-372 372-372 372 166.6 372 372-166.6 372-372 372z"></path><path d="M686.7 638.6L544.1 535.5V288c0-4.4-3.6-8-8-8H488c-4.4 0-8 3.6-8 8v275.4c0 2.6 1.2 5 3.3 6.5l165.4 120.6c3.6 2.6 8.6 1.8 11.2-1.7l28.6-39c2.6-3.7 1.8-8.7-1.8-11.2z"></path></svg></span></span><span class="ant-picker-clear" role="button"><span role="img" aria-label="close-circle" class="anticon anticon-close-circle"><svg focusable="false" class="" data-icon="close-circle" width="1em" height="1em" fill="currentColor" aria-hidden="true" viewBox="64 64 896 896"><path d="M512 64C264.6 64 64 264.6 64 512s200.6 448 448 448 448-200.6 448-448S759.4 64 512 64zm165.4 618.2l-66-.3L512 563.4l-99.3 118.4-66.1.3c-4.4 0-8-3.5-8-8 0-1.9.7-3.7 1.9-5.2l130.1-155L340.5 359a8.32 8.32 0 01-1.9-5.2c0-4.4 3.6-8 8-8l66.1.3L512 464.6l99.3-118.4 66-.3c4.4 0 8 3.5 8 8 0 1.9-.7 3.7-1.9 5.2L553.5 514l130 155c1.2 1.5 1.9 3.3 1.9 5.2 0 4.4-3.6 8-8 8z"></path></svg></span></span></div>
      <!---->
    </div>
  </div>
  <!---->
  <div class="ant-space-item" style="margin-bottom: 8px;">
    <div class="ant-picker">
      <div class="ant-picker-input"><input readonly="" placeholder="Select time" title="12:08:00" size="10" autocomplete="off"><span class="ant-picker-suffix"><span role="img" aria-label="clock-circle" class="anticon anticon-clock-circle"><svg focusable="false" class="" data-icon="clock-circle" width="1em" height="1em" fill="currentColor" aria-hidden="true" viewBox="64 64 896 896"><path d="M512 64C264.6 64 64 264.6 64 512s200.6 448 448 448 448-200.6 448-448S759.4 64 512 64zm0 820c-205.4 0-372-166.6-372-372s166.6-372 372-372 372 166.6 372 372-166.6 372-372 372z"></path><path d="M686.7 638.6L544.1 535.5V288c0-4.4-3.6-8-8-8H488c-4.4 0-8 3.6-8 8v275.4c0 2.6 1.2 5 3.3 6.5l165.4 120.6c3.6 2.6 8.6 1.8 11.2-1.7l28.6-39c2.6-3.7 1.8-8.7-1.8-11.2z"></path></svg></span></span><span class="ant-picker-clear" role="button"><span role="img" aria-label="close-circle" class="anticon anticon-close-circle"><svg focusable="false" class="" data-icon="close-circle" width="1em" height="1em" fill="currentColor" aria-hidden="true" viewBox="64 64 896 896"><path d="M512 64C264.6 64 64 264.6 64 512s200.6 448 448 448 448-200.6 448-448S759.4 64 512 64zm165.4 618.2l-66-.3L512 563.4l-99.3 118.4-66.1.3c-4.4 0-8-3.5-8-8 0-1.9.7-3.7 1.9-5.2l130.1-155L340.5 359a8.32 8.32 0 01-1.9-5.2c0-4.4 3.6-8 8-8l66.1.3L512 464.6l99.3-118.4 66-.3c4.4 0 8 3.5 8 8 0 1.9-.7 3.7-1.9 5.2L553.5 514l130 155c1.2 1.5 1.9 3.3 1.9 5.2 0 4.4-3.6 8-8 8z"></path></svg></span></span></div>
      <!---->
    </div>
  </div>
  <!---->
  <div class="ant-space-item">
    <div class="ant-picker ant-picker-small">
      <div class="ant-picker-input"><input readonly="" placeholder="Select time" title="12:08:00" size="10" autocomplete="off"><span class="ant-picker-suffix"><span role="img" aria-label="clock-circle" class="anticon anticon-clock-circle"><svg focusable="false" class="" data-icon="clock-circle" width="1em" height="1em" fill="currentColor" aria-hidden="true" viewBox="64 64 896 896"><path d="M512 64C264.6 64 64 264.6 64 512s200.6 448 448 448 448-200.6 448-448S759.4 64 512 64zm0 820c-205.4 0-372-166.6-372-372s166.6-372 372-372 372 166.6 372 372-166.6 372-372 372z"></path><path d="M686.7 638.6L544.1 535.5V288c0-4.4-3.6-8-8-8H488c-4.4 0-8 3.6-8 8v275.4c0 2.6 1.2 5 3.3 6.5l165.4 120.6c3.6 2.6 8.6 1.8 11.2-1.7l28.6-39c2.6-3.7 1.8-8.7-1.8-11.2z"></path></svg></span></span><span class="ant-picker-clear" role="button"><span role="img" aria-label="close-circle" class="anticon anticon-close-circle"><svg focusable="false" class="" data-icon="close-circle" width="1em" height="1em" fill="currentColor" aria-hidden="true" viewBox="64 64 896 896"><path d="M512 64C264.6 64 64 264.6 64 512s200.6 448 448 448 448-200.6 448-448S759.4 64 512 64zm165.4 618.2l-66-.3L512 563.4l-99.3 118.4-66.1.3c-4.4 0-8-3.5-8-8 0-1.9.7-3.7 1.9-5.2l130.1-155L340.5 359a8.32 8.32 0 01-1.9-5.2c0-4.4 3.6-8 8-8l66.1.3L512 464.6l99.3-118.4 66-.3c4.4 0 8 3.5 8 8 0 1.9-.7 3.7-1.9 5.2L553.5 514l130 155c1.2 1.5 1.9 3.3 1.9 5.2 0 4.4-3.6 8-8 8z"></path></svg></span></span></div>
      <!---->
    </div>
  </div>
  <!---->
</div>
`;

exports[`renders ./components/time-picker/demo/status.vue correctly 1`] = `
<div class="ant-space ant-space-vertical" style="width: 100%;">
  <div class="ant-space-item" style="margin-bottom: 8px;">
    <div class="ant-picker">
      <div class="ant-picker-input"><input readonly="" placeholder="Select time" title="" size="10" autocomplete="off"><span class="ant-picker-suffix"><span role="img" aria-label="clock-circle" class="anticon anticon-clock-circle"><svg focusable="false" class="" data-icon="clock-circle" width="1em" height="1em" fill="currentColor" aria-hidden="true" viewBox="64 64 896 896"><path d="M512 64C264.6 64 64 264.6 64 512s200.6 448 448 448 448-200.6 448-448S759.4 64 512 64zm0 820c-205.4 0-372-166.6-372-372s166.6-372 372-372 372 166.6 372 372-166.6 372-372 372z"></path><path d="M686.7 638.6L544.1 535.5V288c0-4.4-3.6-8-8-8H488c-4.4 0-8 3.6-8 8v275.4c0 2.6 1.2 5 3.3 6.5l165.4 120.6c3.6 2.6 8.6 1.8 11.2-1.7l28.6-39c2.6-3.7 1.8-8.7-1.8-11.2z"></path></svg></span></span>
        <!---->
      </div>
      <!---->
    </div>
  </div>
  <!---->
  <div class="ant-space-item" style="margin-bottom: 8px;">
    <div class="ant-picker">
      <div class="ant-picker-input"><input readonly="" placeholder="Select time" title="" size="10" autocomplete="off"><span class="ant-picker-suffix"><span role="img" aria-label="clock-circle" class="anticon anticon-clock-circle"><svg focusable="false" class="" data-icon="clock-circle" width="1em" height="1em" fill="currentColor" aria-hidden="true" viewBox="64 64 896 896"><path d="M512 64C264.6 64 64 264.6 64 512s200.6 448 448 448 448-200.6 448-448S759.4 64 512 64zm0 820c-205.4 0-372-166.6-372-372s166.6-372 372-372 372 166.6 372 372-166.6 372-372 372z"></path><path d="M686.7 638.6L544.1 535.5V288c0-4.4-3.6-8-8-8H488c-4.4 0-8 3.6-8 8v275.4c0 2.6 1.2 5 3.3 6.5l165.4 120.6c3.6 2.6 8.6 1.8 11.2-1.7l28.6-39c2.6-3.7 1.8-8.7-1.8-11.2z"></path></svg></span></span>
        <!---->
      </div>
      <!---->
    </div>
  </div>
  <!---->
  <div class="ant-space-item" style="margin-bottom: 8px;">
    <div class="ant-picker ant-picker-range">
      <div class="ant-picker-input ant-picker-input-active"><input readonly="" placeholder="Start time" size="10" autocomplete="off"></div>
      <div class="ant-picker-range-separator"><span aria-label="to" class="ant-picker-separator"><span role="img" aria-label="swap-right" class="anticon anticon-swap-right"><svg focusable="false" class="" data-icon="swap-right" width="1em" height="1em" fill="currentColor" aria-hidden="true" viewBox="0 0 1024 1024"><path d="M873.1 596.2l-164-208A32 32 0 00684 376h-64.8c-6.7 0-10.4 7.7-6.3 13l144.3 183H152c-4.4 0-8 3.6-8 8v60c0 4.4 3.6 8 8 8h695.9c26.8 0 41.7-30.8 25.2-51.8z"></path></svg></span></span></div>
      <div class="ant-picker-input"><input readonly="" placeholder="End time" size="10" autocomplete="off"></div>
      <div class="ant-picker-active-bar" style="left: 0px; width: 0px; position: absolute;"></div><span class="ant-picker-suffix"><span role="img" aria-label="clock-circle" class="anticon anticon-clock-circle"><svg focusable="false" class="" data-icon="clock-circle" width="1em" height="1em" fill="currentColor" aria-hidden="true" viewBox="64 64 896 896"><path d="M512 64C264.6 64 64 264.6 64 512s200.6 448 448 448 448-200.6 448-448S759.4 64 512 64zm0 820c-205.4 0-372-166.6-372-372s166.6-372 372-372 372 166.6 372 372-166.6 372-372 372z"></path><path d="M686.7 638.6L544.1 535.5V288c0-4.4-3.6-8-8-8H488c-4.4 0-8 3.6-8 8v275.4c0 2.6 1.2 5 3.3 6.5l165.4 120.6c3.6 2.6 8.6 1.8 11.2-1.7l28.6-39c2.6-3.7 1.8-8.7-1.8-11.2z"></path></svg></span></span>
      <!---->
      <!---->
    </div>
  </div>
  <!---->
  <div class="ant-space-item">
    <div class="ant-picker ant-picker-range">
      <div class="ant-picker-input ant-picker-input-active"><input readonly="" placeholder="Start time" size="10" autocomplete="off"></div>
      <div class="ant-picker-range-separator"><span aria-label="to" class="ant-picker-separator"><span role="img" aria-label="swap-right" class="anticon anticon-swap-right"><svg focusable="false" class="" data-icon="swap-right" width="1em" height="1em" fill="currentColor" aria-hidden="true" viewBox="0 0 1024 1024"><path d="M873.1 596.2l-164-208A32 32 0 00684 376h-64.8c-6.7 0-10.4 7.7-6.3 13l144.3 183H152c-4.4 0-8 3.6-8 8v60c0 4.4 3.6 8 8 8h695.9c26.8 0 41.7-30.8 25.2-51.8z"></path></svg></span></span></div>
      <div class="ant-picker-input"><input readonly="" placeholder="End time" size="10" autocomplete="off"></div>
      <div class="ant-picker-active-bar" style="left: 0px; width: 0px; position: absolute;"></div><span class="ant-picker-suffix"><span role="img" aria-label="clock-circle" class="anticon anticon-clock-circle"><svg focusable="false" class="" data-icon="clock-circle" width="1em" height="1em" fill="currentColor" aria-hidden="true" viewBox="64 64 896 896"><path d="M512 64C264.6 64 64 264.6 64 512s200.6 448 448 448 448-200.6 448-448S759.4 64 512 64zm0 820c-205.4 0-372-166.6-372-372s166.6-372 372-372 372 166.6 372 372-166.6 372-372 372z"></path><path d="M686.7 638.6L544.1 535.5V288c0-4.4-3.6-8-8-8H488c-4.4 0-8 3.6-8 8v275.4c0 2.6 1.2 5 3.3 6.5l165.4 120.6c3.6 2.6 8.6 1.8 11.2-1.7l28.6-39c2.6-3.7 1.8-8.7-1.8-11.2z"></path></svg></span></span>
      <!---->
      <!---->
    </div>
  </div>
  <!---->
</div>
`;

exports[`renders ./components/time-picker/demo/suffix.vue correctly 1`] = `
<div class="ant-picker">
  <div class="ant-picker-input"><input readonly="" placeholder="Select time" title="00:00:00" size="10" autocomplete="off"><span class="ant-picker-suffix"><span role="img" aria-label="smile" class="anticon anticon-smile"><svg focusable="false" class="" data-icon="smile" width="1em" height="1em" fill="currentColor" aria-hidden="true" viewBox="64 64 896 896"><path d="M288 421a48 48 0 1096 0 48 48 0 10-96 0zm352 0a48 48 0 1096 0 48 48 0 10-96 0zM512 64C264.6 64 64 264.6 64 512s200.6 448 448 448 448-200.6 448-448S759.4 64 512 64zm263 711c-34.2 34.2-74 61-118.3 79.8C611 874.2 562.3 884 512 884c-50.3 0-99-9.8-144.8-29.2A370.4 370.4 0 01248.9 775c-34.2-34.2-61-74-79.8-118.3C149.8 611 140 562.3 140 512s9.8-99 29.2-144.8A370.4 370.4 0 01249 248.9c34.2-34.2 74-61 118.3-79.8C413 149.8 461.7 140 512 140c50.3 0 99 9.8 144.8 29.2A370.4 370.4 0 01775.1 249c34.2 34.2 61 74 79.8 118.3C874.2 413 884 461.7 884 512s-9.8 99-29.2 144.8A368.89 368.89 0 01775 775zM664 533h-48.1c-4.2 0-7.8 3.2-8.1 7.4C604 589.9 562.5 629 512 629s-92.1-39.1-95.8-88.6c-.3-4.2-3.9-7.4-8.1-7.4H360a8 8 0 00-8 8.4c4.4 84.3 74.5 151.6 160 151.6s155.6-67.3 160-151.6a8 8 0 00-8-8.4z"></path></svg></span></span><span class="ant-picker-clear" role="button"><span role="img" aria-label="close-circle" class="anticon anticon-close-circle"><svg focusable="false" class="" data-icon="close-circle" width="1em" height="1em" fill="currentColor" aria-hidden="true" viewBox="64 64 896 896"><path d="M512 64C264.6 64 64 264.6 64 512s200.6 448 448 448 448-200.6 448-448S759.4 64 512 64zm165.4 618.2l-66-.3L512 563.4l-99.3 118.4-66.1.3c-4.4 0-8-3.5-8-8 0-1.9.7-3.7 1.9-5.2l130.1-155L340.5 359a8.32 8.32 0 01-1.9-5.2c0-4.4 3.6-8 8-8l66.1.3L512 464.6l99.3-118.4 66-.3c4.4 0 8 3.5 8 8 0 1.9-.7 3.7-1.9 5.2L553.5 514l130 155c1.2 1.5 1.9 3.3 1.9 5.2 0 4.4-3.6 8-8 8z"></path></svg></span></span></div>
  <!---->
</div>
`;

exports[`renders ./components/time-picker/demo/value.vue correctly 1`] = `
<div class="ant-space ant-space-vertical">
  <div class="ant-space-item" style="margin-bottom: 8px;">
    <p>use value and @change</p>
  </div>
  <!---->
  <div class="ant-space-item" style="margin-bottom: 8px;">
    <div class="ant-picker">
      <div class="ant-picker-input"><input readonly="" placeholder="Select time" title="" size="10" autocomplete="off"><span class="ant-picker-suffix"><span role="img" aria-label="clock-circle" class="anticon anticon-clock-circle"><svg focusable="false" class="" data-icon="clock-circle" width="1em" height="1em" fill="currentColor" aria-hidden="true" viewBox="64 64 896 896"><path d="M512 64C264.6 64 64 264.6 64 512s200.6 448 448 448 448-200.6 448-448S759.4 64 512 64zm0 820c-205.4 0-372-166.6-372-372s166.6-372 372-372 372 166.6 372 372-166.6 372-372 372z"></path><path d="M686.7 638.6L544.1 535.5V288c0-4.4-3.6-8-8-8H488c-4.4 0-8 3.6-8 8v275.4c0 2.6 1.2 5 3.3 6.5l165.4 120.6c3.6 2.6 8.6 1.8 11.2-1.7l28.6-39c2.6-3.7 1.8-8.7-1.8-11.2z"></path></svg></span></span>
        <!---->
      </div>
      <!---->
    </div>
  </div>
  <!---->
  <div class="ant-space-item" style="margin-bottom: 8px;">
    <p>v-model</p>
  </div>
  <!---->
  <div class="ant-space-item" style="margin-bottom: 8px;">
    <div class="ant-picker">
      <div class="ant-picker-input"><input readonly="" placeholder="Select time" title="" size="10" autocomplete="off"><span class="ant-picker-suffix"><span role="img" aria-label="clock-circle" class="anticon anticon-clock-circle"><svg focusable="false" class="" data-icon="clock-circle" width="1em" height="1em" fill="currentColor" aria-hidden="true" viewBox="64 64 896 896"><path d="M512 64C264.6 64 64 264.6 64 512s200.6 448 448 448 448-200.6 448-448S759.4 64 512 64zm0 820c-205.4 0-372-166.6-372-372s166.6-372 372-372 372 166.6 372 372-166.6 372-372 372z"></path><path d="M686.7 638.6L544.1 535.5V288c0-4.4-3.6-8-8-8H488c-4.4 0-8 3.6-8 8v275.4c0 2.6 1.2 5 3.3 6.5l165.4 120.6c3.6 2.6 8.6 1.8 11.2-1.7l28.6-39c2.6-3.7 1.8-8.7-1.8-11.2z"></path></svg></span></span>
        <!---->
      </div>
      <!---->
    </div>
  </div>
  <!---->
  <div class="ant-space-item" style="margin-bottom: 8px;">
    <p>Do not change</p>
  </div>
  <!---->
  <div class="ant-space-item">
    <div class="ant-picker">
      <div class="ant-picker-input"><input readonly="" placeholder="Select time" title="00:00:00" size="10" autocomplete="off"><span class="ant-picker-suffix"><span role="img" aria-label="clock-circle" class="anticon anticon-clock-circle"><svg focusable="false" class="" data-icon="clock-circle" width="1em" height="1em" fill="currentColor" aria-hidden="true" viewBox="64 64 896 896"><path d="M512 64C264.6 64 64 264.6 64 512s200.6 448 448 448 448-200.6 448-448S759.4 64 512 64zm0 820c-205.4 0-372-166.6-372-372s166.6-372 372-372 372 166.6 372 372-166.6 372-372 372z"></path><path d="M686.7 638.6L544.1 535.5V288c0-4.4-3.6-8-8-8H488c-4.4 0-8 3.6-8 8v275.4c0 2.6 1.2 5 3.3 6.5l165.4 120.6c3.6 2.6 8.6 1.8 11.2-1.7l28.6-39c2.6-3.7 1.8-8.7-1.8-11.2z"></path></svg></span></span><span class="ant-picker-clear" role="button"><span role="img" aria-label="close-circle" class="anticon anticon-close-circle"><svg focusable="false" class="" data-icon="close-circle" width="1em" height="1em" fill="currentColor" aria-hidden="true" viewBox="64 64 896 896"><path d="M512 64C264.6 64 64 264.6 64 512s200.6 448 448 448 448-200.6 448-448S759.4 64 512 64zm165.4 618.2l-66-.3L512 563.4l-99.3 118.4-66.1.3c-4.4 0-8-3.5-8-8 0-1.9.7-3.7 1.9-5.2l130.1-155L340.5 359a8.32 8.32 0 01-1.9-5.2c0-4.4 3.6-8 8-8l66.1.3L512 464.6l99.3-118.4 66-.3c4.4 0 8 3.5 8 8 0 1.9-.7 3.7-1.9 5.2L553.5 514l130 155c1.2 1.5 1.9 3.3 1.9 5.2 0 4.4-3.6 8-8 8z"></path></svg></span></span></div>
      <!---->
    </div>
  </div>
  <!---->
</div>
`;
