// Jest Snapshot v1, https://goo.gl/fbAQLP

exports[`renders ./components/switch/demo/basic.vue correctly 1`] = `
<button type="button" role="switch" aria-checked="false" class="ant-switch">
  <div class="ant-switch-handle">
    <!---->
  </div><span class="ant-switch-inner"><span class="ant-switch-inner-checked"><!----></span><span class="ant-switch-inner-unchecked"><!----></span></span>
</button>
`;

exports[`renders ./components/switch/demo/disabled.vue correctly 1`] = `
<div class="ant-space ant-space-vertical">
  <div class="ant-space-item" style="margin-bottom: 8px;"><button disabled="" type="button" role="switch" aria-checked="true" class="ant-switch-checked ant-switch-disabled ant-switch">
      <div class="ant-switch-handle">
        <!---->
      </div><span class="ant-switch-inner"><span class="ant-switch-inner-checked"><!----></span><span class="ant-switch-inner-unchecked"><!----></span></span>
    </button></div>
  <!---->
  <div class="ant-space-item"><button class="ant-btn ant-btn-primary" type="button">
      <!----><span>Toggle disabled</span>
    </button></div>
  <!---->
</div>
`;

exports[`renders ./components/switch/demo/loading.vue correctly 1`] = `
<div class="ant-space ant-space-vertical">
  <div class="ant-space-item" style="margin-bottom: 8px;"><button disabled="" loading="true" type="button" role="switch" aria-checked="true" class="ant-switch-loading ant-switch-checked ant-switch">
      <div class="ant-switch-handle"><span role="img" aria-label="loading" class="anticon anticon-loading ant-switch-loading-icon"><svg focusable="false" class="anticon-spin" data-icon="loading" width="1em" height="1em" fill="currentColor" aria-hidden="true" viewBox="0 0 1024 1024"><path d="M988 548c-19.9 0-36-16.1-36-36 0-59.4-11.6-117-34.6-171.3a440.45 440.45 0 00-94.3-139.9 437.71 437.71 0 00-139.9-94.3C629 83.6 571.4 72 512 72c-19.9 0-36-16.1-36-36s16.1-36 36-36c69.1 0 136.2 13.5 199.3 40.3C772.3 66 827 103 874 150c47 47 83.9 101.8 109.7 162.7 26.7 63.1 40.2 130.2 40.2 199.3.1 19.9-16 36-35.9 36z"></path></svg></span></div><span class="ant-switch-inner"><span class="ant-switch-inner-checked"><!----></span><span class="ant-switch-inner-unchecked"><!----></span></span>
    </button></div>
  <!---->
  <div class="ant-space-item"><button size="small" disabled="" loading="true" type="button" role="switch" aria-checked="false" class="ant-switch-small ant-switch-loading ant-switch">
      <div class="ant-switch-handle"><span role="img" aria-label="loading" class="anticon anticon-loading ant-switch-loading-icon"><svg focusable="false" class="anticon-spin" data-icon="loading" width="1em" height="1em" fill="currentColor" aria-hidden="true" viewBox="0 0 1024 1024"><path d="M988 548c-19.9 0-36-16.1-36-36 0-59.4-11.6-117-34.6-171.3a440.45 440.45 0 00-94.3-139.9 437.71 437.71 0 00-139.9-94.3C629 83.6 571.4 72 512 72c-19.9 0-36-16.1-36-36s16.1-36 36-36c69.1 0 136.2 13.5 199.3 40.3C772.3 66 827 103 874 150c47 47 83.9 101.8 109.7 162.7 26.7 63.1 40.2 130.2 40.2 199.3.1 19.9-16 36-35.9 36z"></path></svg></span></div><span class="ant-switch-inner"><span class="ant-switch-inner-checked"><!----></span><span class="ant-switch-inner-unchecked"><!----></span></span>
    </button></div>
  <!---->
</div>
`;

exports[`renders ./components/switch/demo/size.vue correctly 1`] = `
<div class="ant-space ant-space-vertical">
  <div class="ant-space-item" style="margin-bottom: 8px;"><button type="button" role="switch" aria-checked="true" class="ant-switch-checked ant-switch">
      <div class="ant-switch-handle">
        <!---->
      </div><span class="ant-switch-inner"><span class="ant-switch-inner-checked"><!----></span><span class="ant-switch-inner-unchecked"><!----></span></span>
    </button></div>
  <!---->
  <div class="ant-space-item"><button size="small" type="button" role="switch" aria-checked="false" class="ant-switch-small ant-switch">
      <div class="ant-switch-handle">
        <!---->
      </div><span class="ant-switch-inner"><span class="ant-switch-inner-checked"><!----></span><span class="ant-switch-inner-unchecked"><!----></span></span>
    </button></div>
  <!---->
</div>
`;

exports[`renders ./components/switch/demo/text.vue correctly 1`] = `
<div class="ant-space ant-space-vertical">
  <div class="ant-space-item" style="margin-bottom: 8px;"><button type="button" role="switch" aria-checked="true" class="ant-switch-checked ant-switch">
      <div class="ant-switch-handle">
        <!---->
      </div><span class="ant-switch-inner"><span class="ant-switch-inner-checked">开</span><span class="ant-switch-inner-unchecked">关</span></span>
    </button></div>
  <!---->
  <div class="ant-space-item" style="margin-bottom: 8px;"><button type="button" role="switch" aria-checked="false" class="ant-switch">
      <div class="ant-switch-handle">
        <!---->
      </div><span class="ant-switch-inner"><span class="ant-switch-inner-checked">1</span><span class="ant-switch-inner-unchecked">0</span></span>
    </button></div>
  <!---->
  <div class="ant-space-item"><button type="button" role="switch" aria-checked="false" class="ant-switch">
      <div class="ant-switch-handle">
        <!---->
      </div><span class="ant-switch-inner"><span class="ant-switch-inner-checked"><span role="img" aria-label="check" class="anticon anticon-check"><svg focusable="false" class="" data-icon="check" width="1em" height="1em" fill="currentColor" aria-hidden="true" viewBox="64 64 896 896"><path d="M912 190h-69.9c-9.8 0-19.1 4.5-25.1 12.2L404.7 724.5 207 474a32 32 0 00-25.1-12.2H112c-6.7 0-10.4 7.7-6.3 12.9l273.9 347c12.8 16.2 37.4 16.2 50.3 0l488.4-618.9c4.1-5.1.4-12.8-6.3-12.8z"></path></svg></span></span><span class="ant-switch-inner-unchecked"><span role="img" aria-label="close" class="anticon anticon-close"><svg focusable="false" class="" data-icon="close" width="1em" height="1em" fill="currentColor" aria-hidden="true" viewBox="64 64 896 896"><path d="M563.8 512l262.5-312.9c4.4-5.2.7-13.1-6.1-13.1h-79.8c-4.7 0-9.2 2.1-12.3 5.7L511.6 449.8 295.1 191.7c-3-3.6-7.5-5.7-12.3-5.7H203c-6.8 0-10.5 7.9-6.1 13.1L459.4 512 196.9 824.9A7.95 7.95 0 00203 838h79.8c4.7 0 9.2-2.1 12.3-5.7l216.5-258.1 216.5 258.1c3 3.6 7.5 5.7 12.3 5.7h79.8c6.8 0 10.5-7.9 6.1-13.1L563.8 512z"></path></svg></span></span></span>
    </button></div>
  <!---->
</div>
`;
